Read summary from: /Users/foldr/code/veridise/circom-benchmarks/configs/Vanguard/tmp/main_ll/main.json
starting
  Signal:   %189 = getelementptr [0 x i256], [0 x i256]* %188, i32 0, i32 8, !dbg !34
  Signal id: 8
  Signal name: outRangeChecks[0].in
  Signal:   %199 = getelementptr [0 x i256], [0 x i256]* %198, i32 0, i32 8, !dbg !34
  Signal id: 8
  Signal name: outRangeChecks[1].in
  Signal:   %209 = getelementptr [0 x i256], [0 x i256]* %208, i32 0, i32 8, !dbg !34
  Signal id: 8
  Signal name: outRangeChecks[2].in
  Signal:   %219 = getelementptr [0 x i256], [0 x i256]* %218, i32 0, i32 8, !dbg !34
  Signal id: 8
  Signal name: outRangeChecks[3].in
  Signal:   %229 = getelementptr [0 x i256], [0 x i256]* %228, i32 0, i32 8, !dbg !34
  Signal id: 8
  Signal name: outRangeChecks[4].in
  Signal:   %239 = getelementptr [0 x i256], [0 x i256]* %238, i32 0, i32 8, !dbg !34
  Signal id: 8
  Signal name: outRangeChecks[5].in
  Signal:   %254 = getelementptr [0 x i256], [0 x i256]* %253, i32 0, i32 11, !dbg !37
  Signal id: 11
  Signal name: runningCarryRangeChecks[0].in
  Signal:   %277 = getelementptr [0 x i256], [0 x i256]* %276, i32 0, i32 11, !dbg !41
  Signal id: 11
  Signal name: runningCarryRangeChecks[1].in
  Signal:   %302 = getelementptr [0 x i256], [0 x i256]* %301, i32 0, i32 11, !dbg !41
  Signal id: 11
  Signal name: runningCarryRangeChecks[2].in
  Signal:   %327 = getelementptr [0 x i256], [0 x i256]* %326, i32 0, i32 11, !dbg !41
  Signal id: 11
  Signal name: runningCarryRangeChecks[3].in
  Signal:   %352 = getelementptr [0 x i256], [0 x i256]* %351, i32 0, i32 11, !dbg !41
  Signal id: 11
  Signal name: runningCarryRangeChecks[4].in
  Signal:   %11 = getelementptr [0 x i256], [0 x i256]* %10, i32 0, i32 5, !dbg !20
  Signal id: 5
  Signal name: mult.a[0]
  Signal:   %18 = getelementptr [0 x i256], [0 x i256]* %17, i32 0, i32 8, !dbg !22
  Signal id: 8
  Signal name: mult.b[0]
  Signal:   %26 = getelementptr [0 x i256], [0 x i256]* %25, i32 0, i32 6, !dbg !20
  Signal id: 6
  Signal name: mult.a[1]
  Signal:   %33 = getelementptr [0 x i256], [0 x i256]* %32, i32 0, i32 9, !dbg !22
  Signal id: 9
  Signal name: mult.b[1]
  Signal:   %41 = getelementptr [0 x i256], [0 x i256]* %40, i32 0, i32 7, !dbg !20
  Signal id: 7
  Signal name: mult.a[2]
  Signal:   %48 = getelementptr [0 x i256], [0 x i256]* %47, i32 0, i32 10, !dbg !22
  Signal id: 10
  Signal name: mult.b[2]
  Signal:   %57 = getelementptr [0 x i256], [0 x i256]* %56, i32 0, i32 0, !dbg !24
  Signal id: 0
  Signal name: mult.out[0]
  Signal:   %67 = getelementptr [0 x i256], [0 x i256]* %66, i32 0, i32 1, !dbg !24
  Signal id: 1
  Signal name: mult.out[1]
  Signal:   %77 = getelementptr [0 x i256], [0 x i256]* %76, i32 0, i32 2, !dbg !24
  Signal id: 2
  Signal name: mult.out[2]
  Signal:   %87 = getelementptr [0 x i256], [0 x i256]* %86, i32 0, i32 3, !dbg !24
  Signal id: 3
  Signal name: mult.out[3]
  Signal:   %97 = getelementptr [0 x i256], [0 x i256]* %96, i32 0, i32 4, !dbg !24
  Signal id: 4
  Signal name: mult.out[4]
  Signal:   %61 = getelementptr [0 x i256], [0 x i256]* %60, i32 0, i32 6, !dbg !24
  Signal id: 6
  Signal name: longshort.in[0]
  Signal:   %71 = getelementptr [0 x i256], [0 x i256]* %70, i32 0, i32 7, !dbg !24
  Signal id: 7
  Signal name: longshort.in[1]
  Signal:   %81 = getelementptr [0 x i256], [0 x i256]* %80, i32 0, i32 8, !dbg !24
  Signal id: 8
  Signal name: longshort.in[2]
  Signal:   %91 = getelementptr [0 x i256], [0 x i256]* %90, i32 0, i32 9, !dbg !24
  Signal id: 9
  Signal name: longshort.in[3]
  Signal:   %101 = getelementptr [0 x i256], [0 x i256]* %100, i32 0, i32 10, !dbg !24
  Signal id: 10
  Signal name: longshort.in[4]
  Signal:   %110 = getelementptr [0 x i256], [0 x i256]* %109, i32 0, i32 0, !dbg !26
  Signal id: 0
  Signal name: longshort.out[0]
  Signal:   %117 = getelementptr [0 x i256], [0 x i256]* %116, i32 0, i32 1, !dbg !26
  Signal id: 1
  Signal name: longshort.out[1]
  Signal:   %124 = getelementptr [0 x i256], [0 x i256]* %123, i32 0, i32 2, !dbg !26
  Signal id: 2
  Signal name: longshort.out[2]
  Signal:   %131 = getelementptr [0 x i256], [0 x i256]* %130, i32 0, i32 3, !dbg !26
  Signal id: 3
  Signal name: longshort.out[3]
  Signal:   %138 = getelementptr [0 x i256], [0 x i256]* %137, i32 0, i32 4, !dbg !26
  Signal id: 4
  Signal name: longshort.out[4]
  Signal:   %145 = getelementptr [0 x i256], [0 x i256]* %144, i32 0, i32 5, !dbg !26
  Signal id: 5
  Signal name: longshort.out[5]
  Signal:   %9 = getelementptr [0 x i256], [0 x i256]* %8, i32 0, i32 9, !dbg !19
  Signal id: 9
  Signal name: n2b.in
  Signal:   %16 = getelementptr [0 x i256], [0 x i256]* %15, i32 0, i32 8, !dbg !21
  Signal id: 8
  Signal name: n2b.out[8]
  Signal:   %11 = getelementptr [0 x i256], [0 x i256]* %10, i32 0, i32 10, !dbg !19
  Signal id: 10
  Signal name: n2b.in
  Signal:   %18 = getelementptr [0 x i256], [0 x i256]* %17, i32 0, i32 8, !dbg !21
  Signal id: 8
  Signal name: n2b.out[8]
  Signal:   %22 = getelementptr [0 x i256], [0 x i256]* %21, i32 0, i32 9, !dbg !21
  Signal id: 9
  Signal name: n2b.out[9]
  Signal:   %13 = getelementptr [0 x i256], [0 x i256]* %12, i32 0, i32 2, !dbg !19
  Signal id: 2
  Signal name: unit0.a
  Signal:   %20 = getelementptr [0 x i256], [0 x i256]* %19, i32 0, i32 3, !dbg !21
  Signal id: 3
  Signal name: unit0.b
  Signal:   %27 = getelementptr [0 x i256], [0 x i256]* %26, i32 0, i32 0, !dbg !22
  Signal id: 0
  Signal name: unit0.sum
  Signal:   %48 = getelementptr [0 x i256], [0 x i256]* %47, i32 0, i32 1, !dbg !26
  Signal id: 1
  Signal name: unit0.carry
  Signal:   %36 = getelementptr [0 x i256], [0 x i256]* %35, i32 0, i32 2, !dbg !24
  Signal id: 2
  Signal name: unit[0].a
  Signal:   %43 = getelementptr [0 x i256], [0 x i256]* %42, i32 0, i32 3, !dbg !25
  Signal id: 3
  Signal name: unit[0].b
  Signal:   %52 = getelementptr [0 x i256], [0 x i256]* %51, i32 0, i32 4, !dbg !26
  Signal id: 4
  Signal name: unit[0].c
  Signal:   %59 = getelementptr [0 x i256], [0 x i256]* %58, i32 0, i32 0, !dbg !27
  Signal id: 0
  Signal name: unit[0].sum
  Signal:   %80 = getelementptr [0 x i256], [0 x i256]* %79, i32 0, i32 1, !dbg !28
  Signal id: 1
  Signal name: unit[0].carry
  Signal:   %68 = getelementptr [0 x i256], [0 x i256]* %67, i32 0, i32 2, !dbg !24
  Signal id: 2
  Signal name: unit[1].a
  Signal:   %75 = getelementptr [0 x i256], [0 x i256]* %74, i32 0, i32 3, !dbg !25
  Signal id: 3
  Signal name: unit[1].b
  Signal:   %84 = getelementptr [0 x i256], [0 x i256]* %83, i32 0, i32 4, !dbg !28
  Signal id: 4
  Signal name: unit[1].c
  Signal:   %91 = getelementptr [0 x i256], [0 x i256]* %90, i32 0, i32 0, !dbg !27
  Signal id: 0
  Signal name: unit[1].sum
  Signal:   %112 = getelementptr [0 x i256], [0 x i256]* %111, i32 0, i32 1, !dbg !28
  Signal id: 1
  Signal name: unit[1].carry
  Signal:   %100 = getelementptr [0 x i256], [0 x i256]* %99, i32 0, i32 2, !dbg !24
  Signal id: 2
  Signal name: unit[2].a
  Signal:   %107 = getelementptr [0 x i256], [0 x i256]* %106, i32 0, i32 3, !dbg !25
  Signal id: 3
  Signal name: unit[2].b
  Signal:   %116 = getelementptr [0 x i256], [0 x i256]* %115, i32 0, i32 4, !dbg !28
  Signal id: 4
  Signal name: unit[2].c
  Signal:   %123 = getelementptr [0 x i256], [0 x i256]* %122, i32 0, i32 0, !dbg !27
  Signal id: 0
  Signal name: unit[2].sum
  Signal:   %144 = getelementptr [0 x i256], [0 x i256]* %143, i32 0, i32 1, !dbg !28
  Signal id: 1
  Signal name: unit[2].carry
  Signal:   %132 = getelementptr [0 x i256], [0 x i256]* %131, i32 0, i32 2, !dbg !24
  Signal id: 2
  Signal name: unit[3].a
  Signal:   %139 = getelementptr [0 x i256], [0 x i256]* %138, i32 0, i32 3, !dbg !25
  Signal id: 3
  Signal name: unit[3].b
  Signal:   %148 = getelementptr [0 x i256], [0 x i256]* %147, i32 0, i32 4, !dbg !28
  Signal id: 4
  Signal name: unit[3].c
  Signal:   %155 = getelementptr [0 x i256], [0 x i256]* %154, i32 0, i32 0, !dbg !27
  Signal id: 0
  Signal name: unit[3].sum
  Signal:   %176 = getelementptr [0 x i256], [0 x i256]* %175, i32 0, i32 1, !dbg !28
  Signal id: 1
  Signal name: unit[3].carry
  Signal:   %164 = getelementptr [0 x i256], [0 x i256]* %163, i32 0, i32 2, !dbg !24
  Signal id: 2
  Signal name: unit[4].a
  Signal:   %171 = getelementptr [0 x i256], [0 x i256]* %170, i32 0, i32 3, !dbg !25
  Signal id: 3
  Signal name: unit[4].b
  Signal:   %180 = getelementptr [0 x i256], [0 x i256]* %179, i32 0, i32 4, !dbg !28
  Signal id: 4
  Signal name: unit[4].c
  Signal:   %187 = getelementptr [0 x i256], [0 x i256]* %186, i32 0, i32 0, !dbg !27
  Signal id: 0
  Signal name: unit[4].sum
  Signal:   %194 = getelementptr [0 x i256], [0 x i256]* %193, i32 0, i32 1, !dbg !29
  Signal id: 1
  Signal name: unit[4].carry
  Signal:   %9 = getelementptr [0 x i256], [0 x i256]* %8, i32 0, i32 9, !dbg !19
  Signal id: 9
  Signal name: n2b.in
  Signal:   %16 = getelementptr [0 x i256], [0 x i256]* %15, i32 0, i32 8, !dbg !21
  Signal id: 8
  Signal name: n2b.out[8]
  Signal:   %8 = getelementptr [0 x i256], [0 x i256]* %7, i32 0, i32 1, !dbg !18
  Signal id: 1
  Signal name: isz.in
  Signal:   %15 = getelementptr [0 x i256], [0 x i256]* %14, i32 0, i32 0, !dbg !20
  Signal id: 0
  Signal name: isz.out
  Signal:   %15 = getelementptr [0 x i256], [0 x i256]* %14, i32 0, i32 1, !dbg !19
  Signal id: 1
  Signal name: lt[0].in[0]
  Signal:   %22 = getelementptr [0 x i256], [0 x i256]* %21, i32 0, i32 2, !dbg !21
  Signal id: 2
  Signal name: lt[0].in[1]
  Signal:   %89 = getelementptr [0 x i256], [0 x i256]* %88, i32 0, i32 0, !dbg !26
  Signal id: 0
  Signal name: lt[0].out
  Signal:   %48 = getelementptr [0 x i256], [0 x i256]* %47, i32 0, i32 1, !dbg !19
  Signal id: 1
  Signal name: lt[1].in[0]
  Signal:   %55 = getelementptr [0 x i256], [0 x i256]* %54, i32 0, i32 2, !dbg !21
  Signal id: 2
  Signal name: lt[1].in[1]
  Signal:   %120 = getelementptr [0 x i256], [0 x i256]* %119, i32 0, i32 0, !dbg !29
  Signal id: 0
  Signal name: lt[1].out
  Signal:   %31 = getelementptr [0 x i256], [0 x i256]* %30, i32 0, i32 1, !dbg !22
  Signal id: 1
  Signal name: eq[0].in[0]
  Signal:   %38 = getelementptr [0 x i256], [0 x i256]* %37, i32 0, i32 2, !dbg !23
  Signal id: 2
  Signal name: eq[0].in[1]
  Signal:   %109 = getelementptr [0 x i256], [0 x i256]* %108, i32 0, i32 0, !dbg !28
  Signal id: 0
  Signal name: eq[0].out
  Signal:   %64 = getelementptr [0 x i256], [0 x i256]* %63, i32 0, i32 1, !dbg !22
  Signal id: 1
  Signal name: eq[1].in[0]
  Signal:   %71 = getelementptr [0 x i256], [0 x i256]* %70, i32 0, i32 2, !dbg !23
  Signal id: 2
  Signal name: eq[1].in[1]
  Signal:   %80 = getelementptr [0 x i256], [0 x i256]* %79, i32 0, i32 0, !dbg !25
  Signal id: 0
  Signal name: eq[1].out
  Signal:   %100 = getelementptr [0 x i256], [0 x i256]* %99, i32 0, i32 0, !dbg !27
  Signal id: 0
  Signal name: eq[1].out
  Signal:   %124 = getelementptr [0 x i256], [0 x i256]* %123, i32 0, i32 1, !dbg !29
  Signal id: 1
  Signal name: ors[0].a
  Signal:   %133 = getelementptr [0 x i256], [0 x i256]* %132, i32 0, i32 2, !dbg !30
  Signal id: 2
  Signal name: ors[0].b
  Signal:   %141 = getelementptr [0 x i256], [0 x i256]* %140, i32 0, i32 0, !dbg !31
  Signal id: 0
  Signal name: ors[0].out
  Signal:   %84 = getelementptr [0 x i256], [0 x i256]* %83, i32 0, i32 1, !dbg !25
  Signal id: 1
  Signal name: ands[0].a
  Signal:   %93 = getelementptr [0 x i256], [0 x i256]* %92, i32 0, i32 2, !dbg !26
  Signal id: 2
  Signal name: ands[0].b
  Signal:   %129 = getelementptr [0 x i256], [0 x i256]* %128, i32 0, i32 0, !dbg !30
  Signal id: 0
  Signal name: ands[0].out
  Signal:   %104 = getelementptr [0 x i256], [0 x i256]* %103, i32 0, i32 1, !dbg !27
  Signal id: 1
  Signal name: eq_ands[0].a
  Signal:   %113 = getelementptr [0 x i256], [0 x i256]* %112, i32 0, i32 2, !dbg !28
  Signal id: 2
  Signal name: eq_ands[0].b
  Signal:   %43 = getelementptr [0 x i256], [0 x i256]* %42, i32 0, i32 8, !dbg !25
  Signal id: 8
  Signal name: range_checks[0].in
  Signal:   %53 = getelementptr [0 x i256], [0 x i256]* %52, i32 0, i32 8, !dbg !25
  Signal id: 8
  Signal name: range_checks[1].in
  Signal:   %63 = getelementptr [0 x i256], [0 x i256]* %62, i32 0, i32 8, !dbg !25
  Signal id: 8
  Signal name: range_checks[2].in
  Signal:   %74 = getelementptr [0 x i256], [0 x i256]* %73, i32 0, i32 6, !dbg !28
  Signal id: 6
  Signal name: mul.a[0]
  Signal:   %81 = getelementptr [0 x i256], [0 x i256]* %80, i32 0, i32 9, !dbg !29
  Signal id: 9
  Signal name: mul.b[0]
  Signal:   %89 = getelementptr [0 x i256], [0 x i256]* %88, i32 0, i32 7, !dbg !28
  Signal id: 7
  Signal name: mul.a[1]
  Signal:   %96 = getelementptr [0 x i256], [0 x i256]* %95, i32 0, i32 10, !dbg !29
  Signal id: 10
  Signal name: mul.b[1]
  Signal:   %104 = getelementptr [0 x i256], [0 x i256]* %103, i32 0, i32 8, !dbg !30
  Signal id: 8
  Signal name: mul.a[2]
  Signal:   %109 = getelementptr [0 x i256], [0 x i256]* %108, i32 0, i32 11, !dbg !31
  Signal id: 11
  Signal name: mul.b[2]
  Signal:   %124 = getelementptr [0 x i256], [0 x i256]* %123, i32 0, i32 0, !dbg !34
  Signal id: 0
  Signal name: mul.out[0]
  Signal:   %141 = getelementptr [0 x i256], [0 x i256]* %140, i32 0, i32 1, !dbg !34
  Signal id: 1
  Signal name: mul.out[1]
  Signal:   %158 = getelementptr [0 x i256], [0 x i256]* %157, i32 0, i32 2, !dbg !34
  Signal id: 2
  Signal name: mul.out[2]
  Signal:   %173 = getelementptr [0 x i256], [0 x i256]* %172, i32 0, i32 3, !dbg !34
  Signal id: 3
  Signal name: mul.out[3]
  Signal:   %188 = getelementptr [0 x i256], [0 x i256]* %187, i32 0, i32 4, !dbg !37
  Signal id: 4
  Signal name: mul.out[4]
  Signal:   %197 = getelementptr [0 x i256], [0 x i256]* %196, i32 0, i32 5, !dbg !38
  Signal id: 5
  Signal name: mul.out[5]
  Signal:   %128 = getelementptr [0 x i256], [0 x i256]* %127, i32 0, i32 7, !dbg !34
  Signal id: 7
  Signal name: add.a[0]
  Signal:   %135 = getelementptr [0 x i256], [0 x i256]* %134, i32 0, i32 13, !dbg !35
  Signal id: 13
  Signal name: add.b[0]
  Signal:   %145 = getelementptr [0 x i256], [0 x i256]* %144, i32 0, i32 8, !dbg !34
  Signal id: 8
  Signal name: add.a[1]
  Signal:   %152 = getelementptr [0 x i256], [0 x i256]* %151, i32 0, i32 14, !dbg !35
  Signal id: 14
  Signal name: add.b[1]
  Signal:   %162 = getelementptr [0 x i256], [0 x i256]* %161, i32 0, i32 9, !dbg !34
  Signal id: 9
  Signal name: add.a[2]
  Signal:   %167 = getelementptr [0 x i256], [0 x i256]* %166, i32 0, i32 15, !dbg !36
  Signal id: 15
  Signal name: add.b[2]
  Signal:   %177 = getelementptr [0 x i256], [0 x i256]* %176, i32 0, i32 10, !dbg !34
  Signal id: 10
  Signal name: add.a[3]
  Signal:   %182 = getelementptr [0 x i256], [0 x i256]* %181, i32 0, i32 16, !dbg !36
  Signal id: 16
  Signal name: add.b[3]
  Signal:   %192 = getelementptr [0 x i256], [0 x i256]* %191, i32 0, i32 11, !dbg !37
  Signal id: 11
  Signal name: add.a[4]
  Signal:   %201 = getelementptr [0 x i256], [0 x i256]* %200, i32 0, i32 12, !dbg !38
  Signal id: 12
  Signal name: add.a[5]
  Signal:   %206 = getelementptr [0 x i256], [0 x i256]* %205, i32 0, i32 17, !dbg !39
  Signal id: 17
  Signal name: add.b[4]
  Signal:   %211 = getelementptr [0 x i256], [0 x i256]* %210, i32 0, i32 18, !dbg !40
  Signal id: 18
  Signal name: add.b[5]
  Signal:   %226 = getelementptr [0 x i256], [0 x i256]* %225, i32 0, i32 0, !dbg !43
  Signal id: 0
  Signal name: add.out[0]
  Signal:   %233 = getelementptr [0 x i256], [0 x i256]* %232, i32 0, i32 1, !dbg !43
  Signal id: 1
  Signal name: add.out[1]
  Signal:   %240 = getelementptr [0 x i256], [0 x i256]* %239, i32 0, i32 2, !dbg !43
  Signal id: 2
  Signal name: add.out[2]
  Signal:   %247 = getelementptr [0 x i256], [0 x i256]* %246, i32 0, i32 3, !dbg !43
  Signal id: 3
  Signal name: add.out[3]
  Signal:   %254 = getelementptr [0 x i256], [0 x i256]* %253, i32 0, i32 4, !dbg !44
  Signal id: 4
  Signal name: add.out[4]
  Signal:   %258 = getelementptr [0 x i256], [0 x i256]* %257, i32 0, i32 5, !dbg !45
  Signal id: 5
  Signal name: add.out[5]
  Signal:   %265 = getelementptr [0 x i256], [0 x i256]* %264, i32 0, i32 1, !dbg !47
  Signal id: 1
  Signal name: lt.a[0]
  Signal:   %272 = getelementptr [0 x i256], [0 x i256]* %271, i32 0, i32 3, !dbg !48
  Signal id: 3
  Signal name: lt.b[0]
  Signal:   %280 = getelementptr [0 x i256], [0 x i256]* %279, i32 0, i32 2, !dbg !47
  Signal id: 2
  Signal name: lt.a[1]
  Signal:   %287 = getelementptr [0 x i256], [0 x i256]* %286, i32 0, i32 4, !dbg !48
  Signal id: 4
  Signal name: lt.b[1]
  Signal:   %295 = getelementptr [0 x i256], [0 x i256]* %294, i32 0, i32 0, !dbg !49
  Signal id: 0
  Signal name: lt.out
Extracting constant values...
  component: Num2Bits | function name = Num2Bits_0_run
constant int:
1
constant int:
1
constant int:
0
constant int:
0
constant int:
8
constant int:
0
constant int:
1
constant int:
0
constant int:
0
constant int:
2
constant int:
1
constant int:
0
constant int:
3
constant int:
0
constant int:
0
constant int:
8
constant int:
0
constant int:
3
constant int:
1
constant int:
0
constant int:
0
constant int:
0
constant int:
0
constant int:
0
constant int:
0
constant int:
1
constant int:
0
constant int:
1
constant int:
0
constant int:
1
constant int:
0
constant int:
0
constant int:
0
constant int:
2
constant int:
0
constant int:
1
constant int:
0
constant int:
2
constant int:
2
constant int:
0
constant int:
3
constant int:
1
constant int:
0
constant int:
8
constant int:
0
constant int:
3
constant int:
1
constant int:
0
constant int:
1
constant int:
0
constant int:
1
constant int:
0
constant int:
1
constant int:
1
constant int:
0
constant int:
1
constant int:
0
constant int:
1
constant int:
0
constant int:
1
constant int:
0
constant int:
2
constant int:
0
constant int:
1
constant int:
0
constant int:
2
constant int:
4
constant int:
0
constant int:
3
constant int:
2
constant int:
0
constant int:
8
constant int:
0
constant int:
3
constant int:
1
constant int:
0
constant int:
2
constant int:
0
constant int:
2
constant int:
0
constant int:
2
constant int:
1
constant int:
0
constant int:
1
constant int:
0
constant int:
1
constant int:
0
constant int:
2
constant int:
0
constant int:
2
constant int:
0
constant int:
1
constant int:
0
constant int:
2
constant int:
8
constant int:
0
constant int:
3
constant int:
3
constant int:
0
constant int:
8
constant int:
0
constant int:
3
constant int:
1
constant int:
0
constant int:
3
constant int:
0
constant int:
3
constant int:
0
constant int:
3
constant int:
1
constant int:
0
constant int:
1
constant int:
0
constant int:
1
constant int:
0
constant int:
3
constant int:
0
constant int:
2
constant int:
0
constant int:
1
constant int:
0
constant int:
2
constant int:
16
constant int:
0
constant int:
3
constant int:
4
constant int:
0
constant int:
8
constant int:
0
constant int:
3
constant int:
1
constant int:
0
constant int:
4
constant int:
0
constant int:
4
constant int:
0
constant int:
4
constant int:
1
constant int:
0
constant int:
1
constant int:
0
constant int:
1
constant int:
0
constant int:
4
constant int:
0
constant int:
2
constant int:
0
constant int:
1
constant int:
0
constant int:
2
constant int:
32
constant int:
0
constant int:
3
constant int:
5
constant int:
0
constant int:
8
constant int:
0
constant int:
3
constant int:
1
constant int:
0
constant int:
5
constant int:
0
constant int:
5
constant int:
0
constant int:
5
constant int:
1
constant int:
0
constant int:
1
constant int:
0
constant int:
1
constant int:
0
constant int:
5
constant int:
0
constant int:
2
constant int:
0
constant int:
1
constant int:
0
constant int:
2
constant int:
64
constant int:
0
constant int:
3
constant int:
6
constant int:
0
constant int:
8
constant int:
0
constant int:
3
constant int:
1
constant int:
0
constant int:
6
constant int:
0
constant int:
6
constant int:
0
constant int:
6
constant int:
1
constant int:
0
constant int:
1
constant int:
0
constant int:
1
constant int:
0
constant int:
6
constant int:
0
constant int:
2
constant int:
0
constant int:
1
constant int:
0
constant int:
2
constant int:
128
constant int:
0
constant int:
3
constant int:
7
constant int:
0
constant int:
8
constant int:
0
constant int:
3
constant int:
1
constant int:
0
constant int:
7
constant int:
0
constant int:
7
constant int:
0
constant int:
7
constant int:
1
constant int:
0
constant int:
1
constant int:
0
constant int:
1
constant int:
0
constant int:
7
constant int:
0
constant int:
2
constant int:
0
constant int:
1
constant int:
0
constant int:
2
constant int:
256
constant int:
0
constant int:
3
constant int:
8
constant int:
0
constant int:
1
constant int:
0
constant int:
8
constant int:
1
  component: BigMultShortLong | function name = BigMultShortLong_1_run
constant int:
1
constant int:
1
constant int:
0
constant int:
0
constant int:
3
constant int:
0
constant int:
1
constant int:
18
constant int:
0
constant int:
2
constant int:
8
constant int:
-1
constant int:
0
constant int:
3
constant int:
0
constant int:
0
constant int:
4
constant int:
0
constant int:
0
constant int:
5
constant int:
0
constant int:
0
constant int:
6
constant int:
0
constant int:
0
constant int:
7
constant int:
0
constant int:
0
constant int:
8
constant int:
0
constant int:
0
constant int:
3
constant int:
0
constant int:
0
constant int:
9
constant int:
0
constant int:
0
constant int:
3
constant int:
0
constant int:
5
constant int:
0
constant int:
8
constant int:
0
constant int:
3
constant int:
0
constant int:
9
constant int:
1
constant int:
0
constant int:
3
constant int:
0
constant int:
0
constant int:
0
constant int:
8
constant int:
1
constant int:
0
constant int:
4
constant int:
0
constant int:
0
constant int:
9
constant int:
0
constant int:
0
constant int:
4
constant int:
0
constant int:
5
constant int:
0
constant int:
9
constant int:
0
constant int:
4
constant int:
0
constant int:
9
constant int:
1
constant int:
0
constant int:
4
constant int:
0
constant int:
6
constant int:
0
constant int:
8
constant int:
0
constant int:
4
constant int:
0
constant int:
9
constant int:
2
constant int:
0
constant int:
4
constant int:
0
constant int:
1
constant int:
0
constant int:
8
constant int:
2
constant int:
0
constant int:
5
constant int:
0
constant int:
0
constant int:
9
constant int:
0
constant int:
0
constant int:
5
constant int:
0
constant int:
5
constant int:
0
constant int:
10
constant int:
0
constant int:
5
constant int:
0
constant int:
9
constant int:
1
constant int:
0
constant int:
5
constant int:
0
constant int:
6
constant int:
0
constant int:
9
constant int:
0
constant int:
5
constant int:
0
constant int:
9
constant int:
2
constant int:
0
constant int:
5
constant int:
0
constant int:
7
constant int:
0
constant int:
8
constant int:
0
constant int:
5
constant int:
0
constant int:
9
constant int:
3
constant int:
0
constant int:
5
constant int:
0
constant int:
2
constant int:
0
constant int:
8
constant int:
3
constant int:
0
constant int:
6
constant int:
0
constant int:
0
constant int:
9
constant int:
1
constant int:
0
constant int:
6
constant int:
0
constant int:
6
constant int:
0
constant int:
10
constant int:
0
constant int:
6
constant int:
0
constant int:
9
constant int:
2
constant int:
0
constant int:
6
constant int:
0
constant int:
7
constant int:
0
constant int:
9
constant int:
0
constant int:
6
constant int:
0
constant int:
9
constant int:
3
constant int:
0
constant int:
6
constant int:
0
constant int:
3
constant int:
0
constant int:
8
constant int:
4
constant int:
0
constant int:
7
constant int:
0
constant int:
0
constant int:
9
constant int:
2
constant int:
0
constant int:
7
constant int:
0
constant int:
7
constant int:
0
constant int:
10
constant int:
0
constant int:
7
constant int:
0
constant int:
9
constant int:
3
constant int:
0
constant int:
7
constant int:
0
constant int:
4
constant int:
0
constant int:
8
constant int:
5
constant int:
0
constant int:
8
constant int:
5
constant int:
0
constant int:
34
constant int:
0
constant int:
0
constant int:
35
constant int:
0
constant int:
0
constant int:
36
constant int:
0
constant int:
0
constant int:
37
constant int:
0
constant int:
0
constant int:
38
constant int:
0
constant int:
0
constant int:
34
constant int:
0
constant int:
9
constant int:
0
constant int:
34
constant int:
5
constant int:
0
constant int:
34
constant int:
0
constant int:
14
constant int:
0
constant int:
34
constant int:
5
constant int:
0
constant int:
34
constant int:
0
constant int:
19
constant int:
0
constant int:
34
constant int:
5
constant int:
0
constant int:
34
constant int:
0
constant int:
24
constant int:
0
constant int:
34
constant int:
5
constant int:
0
constant int:
34
constant int:
0
constant int:
29
constant int:
0
constant int:
34
constant int:
5
constant int:
0
constant int:
39
constant int:
0
constant int:
0
constant int:
40
constant int:
0
constant int:
0
constant int:
9
constant int:
1
constant int:
0
constant int:
40
constant int:
1
constant int:
0
constant int:
10
constant int:
0
constant int:
0
constant int:
40
constant int:
2
constant int:
0
constant int:
11
constant int:
0
constant int:
0
constant int:
40
constant int:
3
constant int:
0
constant int:
12
constant int:
0
constant int:
0
constant int:
40
constant int:
4
constant int:
0
constant int:
13
constant int:
0
constant int:
0
constant int:
40
constant int:
5
constant int:
0
constant int:
39
constant int:
1
constant int:
0
constant int:
40
constant int:
0
constant int:
0
constant int:
14
constant int:
1
constant int:
0
constant int:
40
constant int:
1
constant int:
0
constant int:
15
constant int:
1
constant int:
0
constant int:
40
constant int:
2
constant int:
0
constant int:
16
constant int:
1
constant int:
0
constant int:
40
constant int:
3
constant int:
0
constant int:
17
constant int:
1
constant int:
0
constant int:
40
constant int:
4
constant int:
0
constant int:
18
constant int:
1
constant int:
0
constant int:
40
constant int:
5
constant int:
0
constant int:
39
constant int:
2
constant int:
0
constant int:
40
constant int:
0
constant int:
0
constant int:
19
constant int:
1
constant int:
0
constant int:
40
constant int:
1
constant int:
0
constant int:
20
constant int:
2
constant int:
0
constant int:
40
constant int:
2
constant int:
0
constant int:
21
constant int:
4
constant int:
0
constant int:
40
constant int:
3
constant int:
0
constant int:
22
constant int:
8
constant int:
0
constant int:
40
constant int:
4
constant int:
0
constant int:
23
constant int:
16
constant int:
0
constant int:
40
constant int:
5
constant int:
0
constant int:
39
constant int:
3
constant int:
0
constant int:
40
constant int:
0
constant int:
0
constant int:
24
constant int:
1
constant int:
0
constant int:
40
constant int:
1
constant int:
0
constant int:
25
constant int:
3
constant int:
0
constant int:
40
constant int:
2
constant int:
0
constant int:
26
constant int:
9
constant int:
0
constant int:
40
constant int:
3
constant int:
0
constant int:
27
constant int:
27
constant int:
0
constant int:
40
constant int:
4
constant int:
0
constant int:
28
constant int:
81
constant int:
0
constant int:
40
constant int:
5
constant int:
0
constant int:
39
constant int:
4
constant int:
0
constant int:
40
constant int:
0
constant int:
0
constant int:
29
constant int:
1
constant int:
0
constant int:
40
constant int:
1
constant int:
0
constant int:
30
constant int:
4
constant int:
0
constant int:
40
constant int:
2
constant int:
0
constant int:
31
constant int:
16
constant int:
0
constant int:
40
constant int:
3
constant int:
0
constant int:
32
constant int:
64
constant int:
0
constant int:
40
constant int:
4
constant int:
0
constant int:
33
constant int:
256
constant int:
0
constant int:
40
constant int:
5
constant int:
0
constant int:
39
constant int:
5
constant int:
0
constant int:
39
constant int:
0
constant int:
0
constant int:
40
constant int:
0
constant int:
0
constant int:
41
constant int:
0
constant int:
0
constant int:
42
constant int:
0
constant int:
0
constant int:
43
constant int:
0
constant int:
0
constant int:
44
constant int:
0
constant int:
0
constant int:
45
constant int:
0
constant int:
0
constant int:
46
constant int:
0
constant int:
0
constant int:
47
constant int:
0
constant int:
0
constant int:
48
constant int:
0
constant int:
0
constant int:
49
constant int:
0
constant int:
0
constant int:
50
constant int:
0
constant int:
0
constant int:
51
constant int:
0
constant int:
0
constant int:
52
constant int:
0
constant int:
0
constant int:
53
constant int:
0
constant int:
0
constant int:
54
constant int:
0
constant int:
0
constant int:
49
constant int:
0
constant int:
0
constant int:
39
constant int:
0
constant int:
0
constant int:
44
constant int:
0
constant int:
0
constant int:
55
constant int:
0
constant int:
0
constant int:
49
constant int:
0
constant int:
0
constant int:
0
constant int:
9
constant int:
0
constant int:
49
constant int:
0
constant int:
55
constant int:
1
constant int:
0
constant int:
49
constant int:
0
constant int:
1
constant int:
0
constant int:
10
constant int:
0
constant int:
49
constant int:
0
constant int:
55
constant int:
2
constant int:
0
constant int:
49
constant int:
0
constant int:
2
constant int:
0
constant int:
11
constant int:
0
constant int:
49
constant int:
0
constant int:
55
constant int:
3
constant int:
0
constant int:
49
constant int:
0
constant int:
3
constant int:
0
constant int:
12
constant int:
0
constant int:
49
constant int:
0
constant int:
55
constant int:
4
constant int:
0
constant int:
49
constant int:
0
constant int:
4
constant int:
0
constant int:
13
constant int:
0
constant int:
49
constant int:
0
constant int:
55
constant int:
5
constant int:
0
constant int:
55
constant int:
0
constant int:
0
constant int:
39
constant int:
0
constant int:
5
constant int:
0
constant int:
9
constant int:
0
constant int:
39
constant int:
0
constant int:
44
constant int:
0
constant int:
8
constant int:
0
constant int:
9
constant int:
0
constant int:
44
constant int:
0
constant int:
55
constant int:
1
constant int:
0
constant int:
39
constant int:
0
constant int:
6
constant int:
0
constant int:
10
constant int:
0
constant int:
39
constant int:
0
constant int:
44
constant int:
0
constant int:
9
constant int:
0
constant int:
10
constant int:
0
constant int:
44
constant int:
0
constant int:
55
constant int:
2
constant int:
0
constant int:
39
constant int:
0
constant int:
7
constant int:
0
constant int:
11
constant int:
0
constant int:
39
constant int:
0
constant int:
44
constant int:
0
constant int:
10
constant int:
0
constant int:
11
constant int:
0
constant int:
44
constant int:
0
constant int:
55
constant int:
3
constant int:
0
constant int:
54
constant int:
1
constant int:
0
constant int:
50
constant int:
0
constant int:
0
constant int:
40
constant int:
0
constant int:
0
constant int:
45
constant int:
0
constant int:
0
constant int:
55
constant int:
0
constant int:
0
constant int:
50
constant int:
0
constant int:
0
constant int:
0
constant int:
14
constant int:
0
constant int:
50
constant int:
0
constant int:
55
constant int:
1
constant int:
0
constant int:
50
constant int:
0
constant int:
1
constant int:
0
constant int:
15
constant int:
0
constant int:
50
constant int:
0
constant int:
55
constant int:
2
constant int:
0
constant int:
50
constant int:
0
constant int:
2
constant int:
0
constant int:
16
constant int:
0
constant int:
50
constant int:
0
constant int:
55
constant int:
3
constant int:
0
constant int:
50
constant int:
0
constant int:
3
constant int:
0
constant int:
17
constant int:
0
constant int:
50
constant int:
0
constant int:
55
constant int:
4
constant int:
0
constant int:
50
constant int:
0
constant int:
4
constant int:
0
constant int:
18
constant int:
0
constant int:
50
constant int:
0
constant int:
55
constant int:
5
constant int:
0
constant int:
55
constant int:
0
constant int:
0
constant int:
40
constant int:
0
constant int:
5
constant int:
0
constant int:
14
constant int:
0
constant int:
40
constant int:
0
constant int:
45
constant int:
0
constant int:
8
constant int:
0
constant int:
14
constant int:
0
constant int:
45
constant int:
0
constant int:
55
constant int:
1
constant int:
0
constant int:
40
constant int:
0
constant int:
6
constant int:
0
constant int:
15
constant int:
0
constant int:
40
constant int:
0
constant int:
45
constant int:
0
constant int:
9
constant int:
0
constant int:
15
constant int:
0
constant int:
45
constant int:
0
constant int:
55
constant int:
2
constant int:
0
constant int:
40
constant int:
0
constant int:
7
constant int:
0
constant int:
16
constant int:
0
constant int:
40
constant int:
0
constant int:
45
constant int:
0
constant int:
10
constant int:
0
constant int:
16
constant int:
0
constant int:
45
constant int:
0
constant int:
55
constant int:
3
constant int:
0
constant int:
54
constant int:
2
constant int:
0
constant int:
51
constant int:
0
constant int:
0
constant int:
41
constant int:
0
constant int:
0
constant int:
46
constant int:
0
constant int:
0
constant int:
55
constant int:
0
constant int:
0
constant int:
51
constant int:
0
constant int:
0
constant int:
0
constant int:
19
constant int:
0
constant int:
51
constant int:
0
constant int:
55
constant int:
1
constant int:
0
constant int:
51
constant int:
0
constant int:
1
constant int:
0
constant int:
20
constant int:
0
constant int:
51
constant int:
0
constant int:
55
constant int:
2
constant int:
0
constant int:
51
constant int:
0
constant int:
2
constant int:
0
constant int:
21
constant int:
0
constant int:
51
constant int:
0
constant int:
55
constant int:
3
constant int:
0
constant int:
51
constant int:
0
constant int:
3
constant int:
0
constant int:
22
constant int:
0
constant int:
51
constant int:
0
constant int:
55
constant int:
4
constant int:
0
constant int:
51
constant int:
0
constant int:
4
constant int:
0
constant int:
23
constant int:
0
constant int:
51
constant int:
0
constant int:
55
constant int:
5
constant int:
0
constant int:
55
constant int:
0
constant int:
0
constant int:
41
constant int:
0
constant int:
5
constant int:
0
constant int:
19
constant int:
0
constant int:
41
constant int:
0
constant int:
46
constant int:
0
constant int:
8
constant int:
0
constant int:
19
constant int:
0
constant int:
46
constant int:
0
constant int:
55
constant int:
1
constant int:
0
constant int:
41
constant int:
0
constant int:
6
constant int:
0
constant int:
20
constant int:
0
constant int:
41
constant int:
0
constant int:
46
constant int:
0
constant int:
9
constant int:
0
constant int:
20
constant int:
0
constant int:
46
constant int:
0
constant int:
55
constant int:
2
constant int:
0
constant int:
41
constant int:
0
constant int:
7
constant int:
0
constant int:
21
constant int:
0
constant int:
41
constant int:
0
constant int:
46
constant int:
0
constant int:
10
constant int:
0
constant int:
21
constant int:
0
constant int:
46
constant int:
0
constant int:
55
constant int:
3
constant int:
0
constant int:
54
constant int:
3
constant int:
0
constant int:
52
constant int:
0
constant int:
0
constant int:
42
constant int:
0
constant int:
0
constant int:
47
constant int:
0
constant int:
0
constant int:
55
constant int:
0
constant int:
0
constant int:
52
constant int:
0
constant int:
0
constant int:
0
constant int:
24
constant int:
0
constant int:
52
constant int:
0
constant int:
55
constant int:
1
constant int:
0
constant int:
52
constant int:
0
constant int:
1
constant int:
0
constant int:
25
constant int:
0
constant int:
52
constant int:
0
constant int:
55
constant int:
2
constant int:
0
constant int:
52
constant int:
0
constant int:
2
constant int:
0
constant int:
26
constant int:
0
constant int:
52
constant int:
0
constant int:
55
constant int:
3
constant int:
0
constant int:
52
constant int:
0
constant int:
3
constant int:
0
constant int:
27
constant int:
0
constant int:
52
constant int:
0
constant int:
55
constant int:
4
constant int:
0
constant int:
52
constant int:
0
constant int:
4
constant int:
0
constant int:
28
constant int:
0
constant int:
52
constant int:
0
constant int:
55
constant int:
5
constant int:
0
constant int:
55
constant int:
0
constant int:
0
constant int:
42
constant int:
0
constant int:
5
constant int:
0
constant int:
24
constant int:
0
constant int:
42
constant int:
0
constant int:
47
constant int:
0
constant int:
8
constant int:
0
constant int:
24
constant int:
0
constant int:
47
constant int:
0
constant int:
55
constant int:
1
constant int:
0
constant int:
42
constant int:
0
constant int:
6
constant int:
0
constant int:
25
constant int:
0
constant int:
42
constant int:
0
constant int:
47
constant int:
0
constant int:
9
constant int:
0
constant int:
25
constant int:
0
constant int:
47
constant int:
0
constant int:
55
constant int:
2
constant int:
0
constant int:
42
constant int:
0
constant int:
7
constant int:
0
constant int:
26
constant int:
0
constant int:
42
constant int:
0
constant int:
47
constant int:
0
constant int:
10
constant int:
0
constant int:
26
constant int:
0
constant int:
47
constant int:
0
constant int:
55
constant int:
3
constant int:
0
constant int:
54
constant int:
4
constant int:
0
constant int:
53
constant int:
0
constant int:
0
constant int:
43
constant int:
0
constant int:
0
constant int:
48
constant int:
0
constant int:
0
constant int:
55
constant int:
0
constant int:
0
constant int:
53
constant int:
0
constant int:
0
constant int:
0
constant int:
29
constant int:
0
constant int:
53
constant int:
0
constant int:
55
constant int:
1
constant int:
0
constant int:
53
constant int:
0
constant int:
1
constant int:
0
constant int:
30
constant int:
0
constant int:
53
constant int:
0
constant int:
55
constant int:
2
constant int:
0
constant int:
53
constant int:
0
constant int:
2
constant int:
0
constant int:
31
constant int:
0
constant int:
53
constant int:
0
constant int:
55
constant int:
3
constant int:
0
constant int:
53
constant int:
0
constant int:
3
constant int:
0
constant int:
32
constant int:
0
constant int:
53
constant int:
0
constant int:
55
constant int:
4
constant int:
0
constant int:
53
constant int:
0
constant int:
4
constant int:
0
constant int:
33
constant int:
0
constant int:
53
constant int:
0
constant int:
55
constant int:
5
constant int:
0
constant int:
55
constant int:
0
constant int:
0
constant int:
43
constant int:
0
constant int:
5
constant int:
0
constant int:
29
constant int:
0
constant int:
43
constant int:
0
constant int:
48
constant int:
0
constant int:
8
constant int:
0
constant int:
29
constant int:
0
constant int:
48
constant int:
0
constant int:
55
constant int:
1
constant int:
0
constant int:
43
constant int:
0
constant int:
6
constant int:
0
constant int:
30
constant int:
0
constant int:
43
constant int:
0
constant int:
48
constant int:
0
constant int:
9
constant int:
0
constant int:
30
constant int:
0
constant int:
48
constant int:
0
constant int:
55
constant int:
2
constant int:
0
constant int:
43
constant int:
0
constant int:
7
constant int:
0
constant int:
31
constant int:
0
constant int:
43
constant int:
0
constant int:
48
constant int:
0
constant int:
10
constant int:
0
constant int:
31
constant int:
0
constant int:
48
constant int:
0
constant int:
55
constant int:
3
constant int:
0
constant int:
54
constant int:
5
constant int:
0
constant int:
54
constant int:
0
constant int:
0
constant int:
49
constant int:
0
constant int:
39
constant int:
0
constant int:
44
constant int:
1
constant int:
0
constant int:
54
constant int:
1
constant int:
0
constant int:
50
constant int:
0
constant int:
40
constant int:
0
constant int:
45
constant int:
1
constant int:
0
constant int:
54
constant int:
2
constant int:
0
constant int:
51
constant int:
0
constant int:
41
constant int:
0
constant int:
46
constant int:
1
constant int:
0
constant int:
54
constant int:
3
constant int:
0
constant int:
52
constant int:
0
constant int:
42
constant int:
0
constant int:
47
constant int:
1
constant int:
0
constant int:
54
constant int:
4
constant int:
0
constant int:
53
constant int:
0
constant int:
43
constant int:
0
constant int:
48
constant int:
1
constant int:
0
constant int:
54
constant int:
5
  component: Num2Bits | function name = Num2Bits_2_run
constant int:
1
constant int:
1
constant int:
0
constant int:
0
constant int:
11
constant int:
0
constant int:
1
constant int:
0
constant int:
0
constant int:
2
constant int:
1
constant int:
0
constant int:
3
constant int:
0
constant int:
0
constant int:
11
constant int:
0
constant int:
3
constant int:
1
constant int:
0
constant int:
0
constant int:
0
constant int:
0
constant int:
0
constant int:
0
constant int:
1
constant int:
0
constant int:
1
constant int:
0
constant int:
1
constant int:
0
constant int:
0
constant int:
0
constant int:
2
constant int:
0
constant int:
1
constant int:
0
constant int:
2
constant int:
2
constant int:
0
constant int:
3
constant int:
1
constant int:
0
constant int:
11
constant int:
0
constant int:
3
constant int:
1
constant int:
0
constant int:
1
constant int:
0
constant int:
1
constant int:
0
constant int:
1
constant int:
1
constant int:
0
constant int:
1
constant int:
0
constant int:
1
constant int:
0
constant int:
1
constant int:
0
constant int:
2
constant int:
0
constant int:
1
constant int:
0
constant int:
2
constant int:
4
constant int:
0
constant int:
3
constant int:
2
constant int:
0
constant int:
11
constant int:
0
constant int:
3
constant int:
1
constant int:
0
constant int:
2
constant int:
0
constant int:
2
constant int:
0
constant int:
2
constant int:
1
constant int:
0
constant int:
1
constant int:
0
constant int:
1
constant int:
0
constant int:
2
constant int:
0
constant int:
2
constant int:
0
constant int:
1
constant int:
0
constant int:
2
constant int:
8
constant int:
0
constant int:
3
constant int:
3
constant int:
0
constant int:
11
constant int:
0
constant int:
3
constant int:
1
constant int:
0
constant int:
3
constant int:
0
constant int:
3
constant int:
0
constant int:
3
constant int:
1
constant int:
0
constant int:
1
constant int:
0
constant int:
1
constant int:
0
constant int:
3
constant int:
0
constant int:
2
constant int:
0
constant int:
1
constant int:
0
constant int:
2
constant int:
16
constant int:
0
constant int:
3
constant int:
4
constant int:
0
constant int:
11
constant int:
0
constant int:
3
constant int:
1
constant int:
0
constant int:
4
constant int:
0
constant int:
4
constant int:
0
constant int:
4
constant int:
1
constant int:
0
constant int:
1
constant int:
0
constant int:
1
constant int:
0
constant int:
4
constant int:
0
constant int:
2
constant int:
0
constant int:
1
constant int:
0
constant int:
2
constant int:
32
constant int:
0
constant int:
3
constant int:
5
constant int:
0
constant int:
11
constant int:
0
constant int:
3
constant int:
1
constant int:
0
constant int:
5
constant int:
0
constant int:
5
constant int:
0
constant int:
5
constant int:
1
constant int:
0
constant int:
1
constant int:
0
constant int:
1
constant int:
0
constant int:
5
constant int:
0
constant int:
2
constant int:
0
constant int:
1
constant int:
0
constant int:
2
constant int:
64
constant int:
0
constant int:
3
constant int:
6
constant int:
0
constant int:
11
constant int:
0
constant int:
3
constant int:
1
constant int:
0
constant int:
6
constant int:
0
constant int:
6
constant int:
0
constant int:
6
constant int:
1
constant int:
0
constant int:
1
constant int:
0
constant int:
1
constant int:
0
constant int:
6
constant int:
0
constant int:
2
constant int:
0
constant int:
1
constant int:
0
constant int:
2
constant int:
128
constant int:
0
constant int:
3
constant int:
7
constant int:
0
constant int:
11
constant int:
0
constant int:
3
constant int:
1
constant int:
0
constant int:
7
constant int:
0
constant int:
7
constant int:
0
constant int:
7
constant int:
1
constant int:
0
constant int:
1
constant int:
0
constant int:
1
constant int:
0
constant int:
7
constant int:
0
constant int:
2
constant int:
0
constant int:
1
constant int:
0
constant int:
2
constant int:
256
constant int:
0
constant int:
3
constant int:
8
constant int:
0
constant int:
11
constant int:
0
constant int:
3
constant int:
1
constant int:
0
constant int:
8
constant int:
0
constant int:
8
constant int:
0
constant int:
8
constant int:
1
constant int:
0
constant int:
1
constant int:
0
constant int:
1
constant int:
0
constant int:
8
constant int:
0
constant int:
2
constant int:
0
constant int:
1
constant int:
0
constant int:
2
constant int:
512
constant int:
0
constant int:
3
constant int:
9
constant int:
0
constant int:
11
constant int:
0
constant int:
3
constant int:
1
constant int:
0
constant int:
9
constant int:
0
constant int:
9
constant int:
0
constant int:
9
constant int:
1
constant int:
0
constant int:
1
constant int:
0
constant int:
1
constant int:
0
constant int:
9
constant int:
0
constant int:
2
constant int:
0
constant int:
1
constant int:
0
constant int:
2
constant int:
1024
constant int:
0
constant int:
3
constant int:
10
constant int:
0
constant int:
11
constant int:
0
constant int:
3
constant int:
1
constant int:
0
constant int:
10
constant int:
0
constant int:
10
constant int:
0
constant int:
10
constant int:
1
constant int:
0
constant int:
1
constant int:
0
constant int:
1
constant int:
0
constant int:
10
constant int:
0
constant int:
2
constant int:
0
constant int:
1
constant int:
0
constant int:
2
constant int:
2048
constant int:
0
constant int:
3
constant int:
11
constant int:
0
constant int:
1
constant int:
0
constant int:
11
constant int:
1
  component: LongToShortNoEndCarry | function name = LongToShortNoEndCarry_3_run
constant int:
1
constant int:
1
constant int:
0
constant int:
0
constant int:
5
constant int:
0
constant int:
1
constant int:
8
constant int:
0
constant int:
0
constant int:
0
constant int:
1
constant int:
0
constant int:
2
constant int:
0
constant int:
3
constant int:
0
constant int:
4
constant int:
0
constant int:
5
constant int:
0
constant int:
6
constant int:
0
constant int:
7
constant int:
0
constant int:
8
constant int:
0
constant int:
9
constant int:
0
constant int:
10
constant int:
-1
constant int:
0
constant int:
17
constant int:
0
constant int:
0
constant int:
18
constant int:
0
constant int:
0
constant int:
19
constant int:
0
constant int:
0
constant int:
17
constant int:
0
constant int:
2
constant int:
0
constant int:
17
constant int:
3
constant int:
0
constant int:
17
constant int:
0
constant int:
5
constant int:
0
constant int:
17
constant int:
3
constant int:
0
constant int:
17
constant int:
0
constant int:
8
constant int:
0
constant int:
17
constant int:
3
constant int:
0
constant int:
17
constant int:
0
constant int:
11
constant int:
0
constant int:
17
constant int:
3
constant int:
0
constant int:
17
constant int:
0
constant int:
14
constant int:
0
constant int:
17
constant int:
3
constant int:
0
constant int:
20
constant int:
0
constant int:
1
constant int:
0
constant int:
6
constant int:
0
constant int:
0
constant int:
0
constant int:
1
constant int:
8
constant int:
0
constant int:
2
constant int:
8
constant int:
0
constant int:
3
constant int:
8
constant int:
4
constant int:
0
constant int:
2
constant int:
3
constant int:
0
constant int:
20
constant int:
1
constant int:
1
constant int:
0
constant int:
7
constant int:
0
constant int:
0
constant int:
0
constant int:
1
constant int:
8
constant int:
0
constant int:
2
constant int:
8
constant int:
0
constant int:
3
constant int:
8
constant int:
4
constant int:
0
constant int:
5
constant int:
3
constant int:
0
constant int:
20
constant int:
2
constant int:
1
constant int:
0
constant int:
8
constant int:
0
constant int:
0
constant int:
0
constant int:
1
constant int:
8
constant int:
0
constant int:
2
constant int:
8
constant int:
0
constant int:
3
constant int:
8
constant int:
4
constant int:
0
constant int:
8
constant int:
3
constant int:
0
constant int:
20
constant int:
3
constant int:
1
constant int:
0
constant int:
9
constant int:
0
constant int:
0
constant int:
0
constant int:
1
constant int:
8
constant int:
0
constant int:
2
constant int:
8
constant int:
0
constant int:
3
constant int:
8
constant int:
4
constant int:
0
constant int:
11
constant int:
3
constant int:
0
constant int:
20
constant int:
4
constant int:
1
constant int:
0
constant int:
10
constant int:
0
constant int:
0
constant int:
0
constant int:
1
constant int:
8
constant int:
0
constant int:
2
constant int:
8
constant int:
0
constant int:
3
constant int:
8
constant int:
4
constant int:
0
constant int:
14
constant int:
3
constant int:
0
constant int:
20
constant int:
5
constant int:
0
constant int:
20
constant int:
0
constant int:
0
constant int:
21
constant int:
0
constant int:
0
constant int:
22
constant int:
0
constant int:
0
constant int:
23
constant int:
0
constant int:
0
constant int:
24
constant int:
0
constant int:
0
constant int:
20
constant int:
0
constant int:
0
constant int:
2
constant int:
0
constant int:
0
constant int:
1
constant int:
0
constant int:
3
constant int:
0
constant int:
5
constant int:
0
constant int:
0
constant int:
0
constant int:
1
constant int:
8
constant int:
0
constant int:
2
constant int:
8
constant int:
3
constant int:
0
constant int:
25
constant int:
2
constant int:
0
constant int:
25
constant int:
0
constant int:
1
constant int:
0
constant int:
26
constant int:
0
constant int:
21
constant int:
0
constant int:
25
constant int:
2
constant int:
1
constant int:
0
constant int:
8
constant int:
0
constant int:
6
constant int:
0
constant int:
4
constant int:
0
constant int:
21
constant int:
0
constant int:
0
constant int:
0
constant int:
1
constant int:
8
constant int:
0
constant int:
2
constant int:
8
constant int:
3
constant int:
0
constant int:
26
constant int:
2
constant int:
0
constant int:
26
constant int:
0
constant int:
2
constant int:
0
constant int:
27
constant int:
0
constant int:
22
constant int:
0
constant int:
25
constant int:
3
constant int:
1
constant int:
0
constant int:
11
constant int:
0
constant int:
9
constant int:
0
constant int:
7
constant int:
0
constant int:
22
constant int:
0
constant int:
0
constant int:
0
constant int:
1
constant int:
8
constant int:
0
constant int:
2
constant int:
8
constant int:
3
constant int:
0
constant int:
26
constant int:
2
constant int:
0
constant int:
26
constant int:
0
constant int:
3
constant int:
0
constant int:
27
constant int:
0
constant int:
23
constant int:
0
constant int:
25
constant int:
4
constant int:
1
constant int:
0
constant int:
14
constant int:
0
constant int:
12
constant int:
0
constant int:
10
constant int:
0
constant int:
23
constant int:
0
constant int:
0
constant int:
0
constant int:
1
constant int:
8
constant int:
0
constant int:
2
constant int:
8
constant int:
3
constant int:
0
constant int:
26
constant int:
2
constant int:
0
constant int:
26
constant int:
0
constant int:
4
constant int:
0
constant int:
27
constant int:
0
constant int:
24
constant int:
0
constant int:
25
constant int:
5
constant int:
0
constant int:
15
constant int:
0
constant int:
13
constant int:
0
constant int:
24
constant int:
0
constant int:
5
constant int:
0
constant int:
25
constant int:
0
constant int:
0
constant int:
0
constant int:
0
constant int:
0
constant int:
0
constant int:
0
constant int:
8
constant int:
0
constant int:
0
constant int:
1
constant int:
1
constant int:
0
constant int:
0
constant int:
0
constant int:
1
constant int:
0
constant int:
25
constant int:
1
constant int:
0
constant int:
1
constant int:
0
constant int:
1
constant int:
0
constant int:
0
constant int:
8
constant int:
0
constant int:
1
constant int:
1
constant int:
1
constant int:
0
constant int:
1
constant int:
0
constant int:
1
constant int:
0
constant int:
25
constant int:
2
constant int:
0
constant int:
2
constant int:
0
constant int:
2
constant int:
0
constant int:
0
constant int:
8
constant int:
0
constant int:
2
constant int:
1
constant int:
1
constant int:
0
constant int:
2
constant int:
0
constant int:
1
constant int:
0
constant int:
25
constant int:
3
constant int:
0
constant int:
3
constant int:
0
constant int:
3
constant int:
0
constant int:
0
constant int:
8
constant int:
0
constant int:
3
constant int:
1
constant int:
1
constant int:
0
constant int:
3
constant int:
0
constant int:
1
constant int:
0
constant int:
25
constant int:
4
constant int:
0
constant int:
4
constant int:
0
constant int:
4
constant int:
0
constant int:
0
constant int:
8
constant int:
0
constant int:
4
constant int:
1
constant int:
1
constant int:
0
constant int:
4
constant int:
0
constant int:
1
constant int:
0
constant int:
25
constant int:
5
constant int:
0
constant int:
5
constant int:
0
constant int:
5
constant int:
0
constant int:
0
constant int:
8
constant int:
0
constant int:
5
constant int:
1
constant int:
1
constant int:
0
constant int:
5
constant int:
0
constant int:
1
constant int:
0
constant int:
25
constant int:
6
constant int:
0
constant int:
6
constant int:
0
constant int:
0
constant int:
256
constant int:
0
constant int:
11
constant int:
0
constant int:
11
constant int:
0
constant int:
6
constant int:
0
constant int:
0
constant int:
11
constant int:
0
constant int:
6
constant int:
1
constant int:
1
constant int:
0
constant int:
6
constant int:
0
constant int:
1
constant int:
0
constant int:
11
constant int:
256
constant int:
0
constant int:
6
constant int:
0
constant int:
0
constant int:
1
constant int:
0
constant int:
25
constant int:
1
constant int:
0
constant int:
7
constant int:
0
constant int:
1
constant int:
0
constant int:
11
constant int:
256
constant int:
0
constant int:
12
constant int:
0
constant int:
12
constant int:
0
constant int:
7
constant int:
0
constant int:
0
constant int:
11
constant int:
0
constant int:
7
constant int:
1
constant int:
1
constant int:
0
constant int:
7
constant int:
0
constant int:
1
constant int:
0
constant int:
12
constant int:
256
constant int:
0
constant int:
7
constant int:
0
constant int:
1
constant int:
0
constant int:
11
constant int:
1
constant int:
0
constant int:
25
constant int:
2
constant int:
0
constant int:
8
constant int:
0
constant int:
2
constant int:
0
constant int:
12
constant int:
256
constant int:
0
constant int:
13
constant int:
0
constant int:
13
constant int:
0
constant int:
8
constant int:
0
constant int:
0
constant int:
11
constant int:
0
constant int:
8
constant int:
1
constant int:
1
constant int:
0
constant int:
8
constant int:
0
constant int:
1
constant int:
0
constant int:
13
constant int:
256
constant int:
0
constant int:
8
constant int:
0
constant int:
2
constant int:
0
constant int:
12
constant int:
1
constant int:
0
constant int:
25
constant int:
3
constant int:
0
constant int:
9
constant int:
0
constant int:
3
constant int:
0
constant int:
13
constant int:
256
constant int:
0
constant int:
14
constant int:
0
constant int:
14
constant int:
0
constant int:
9
constant int:
0
constant int:
0
constant int:
11
constant int:
0
constant int:
9
constant int:
1
constant int:
1
constant int:
0
constant int:
9
constant int:
0
constant int:
1
constant int:
0
constant int:
14
constant int:
256
constant int:
0
constant int:
9
constant int:
0
constant int:
3
constant int:
0
constant int:
13
constant int:
1
constant int:
0
constant int:
25
constant int:
4
constant int:
0
constant int:
10
constant int:
0
constant int:
4
constant int:
0
constant int:
14
constant int:
256
constant int:
0
constant int:
15
constant int:
0
constant int:
15
constant int:
0
constant int:
10
constant int:
0
constant int:
0
constant int:
11
constant int:
0
constant int:
10
constant int:
1
constant int:
1
constant int:
0
constant int:
10
constant int:
0
constant int:
1
constant int:
0
constant int:
15
constant int:
256
constant int:
0
constant int:
10
constant int:
0
constant int:
4
constant int:
0
constant int:
14
constant int:
1
constant int:
0
constant int:
25
constant int:
5
constant int:
0
constant int:
15
constant int:
0
constant int:
5
constant int:
1
  component: BigMult | function name = BigMult_4_run
constant int:
1
constant int:
1
constant int:
0
constant int:
0
constant int:
3
constant int:
0
constant int:
1
constant int:
8
constant int:
0
constant int:
0
constant int:
0
constant int:
1
constant int:
0
constant int:
2
constant int:
2
constant int:
0
constant int:
3
constant int:
0
constant int:
0
constant int:
6
constant int:
0
constant int:
0
constant int:
0
constant int:
0
constant int:
5
constant int:
0
constant int:
0
constant int:
1
constant int:
1
constant int:
1
constant int:
0
constant int:
9
constant int:
0
constant int:
0
constant int:
0
constant int:
0
constant int:
8
constant int:
0
constant int:
0
constant int:
1
constant int:
1
constant int:
1
constant int:
0
constant int:
3
constant int:
1
constant int:
0
constant int:
7
constant int:
0
constant int:
0
constant int:
0
constant int:
0
constant int:
6
constant int:
0
constant int:
0
constant int:
1
constant int:
1
constant int:
1
constant int:
0
constant int:
10
constant int:
0
constant int:
0
constant int:
0
constant int:
0
constant int:
9
constant int:
0
constant int:
0
constant int:
1
constant int:
1
constant int:
1
constant int:
0
constant int:
3
constant int:
2
constant int:
0
constant int:
8
constant int:
0
constant int:
0
constant int:
0
constant int:
0
constant int:
7
constant int:
0
constant int:
0
constant int:
1
constant int:
1
constant int:
1
constant int:
0
constant int:
11
constant int:
0
constant int:
0
constant int:
0
constant int:
0
constant int:
10
constant int:
0
constant int:
0
constant int:
1
constant int:
1
constant int:
0
constant int:
0
constant int:
0
constant int:
1
constant int:
0
constant int:
3
constant int:
3
constant int:
0
constant int:
3
constant int:
0
constant int:
0
constant int:
0
constant int:
0
constant int:
0
constant int:
0
constant int:
0
constant int:
1
constant int:
0
constant int:
0
constant int:
6
constant int:
0
constant int:
1
constant int:
1
constant int:
1
constant int:
1
constant int:
0
constant int:
3
constant int:
1
constant int:
0
constant int:
0
constant int:
0
constant int:
0
constant int:
1
constant int:
0
constant int:
1
constant int:
0
constant int:
0
constant int:
7
constant int:
0
constant int:
1
constant int:
1
constant int:
1
constant int:
1
constant int:
0
constant int:
3
constant int:
2
constant int:
0
constant int:
0
constant int:
0
constant int:
0
constant int:
2
constant int:
0
constant int:
1
constant int:
0
constant int:
0
constant int:
8
constant int:
0
constant int:
1
constant int:
1
constant int:
1
constant int:
1
constant int:
0
constant int:
3
constant int:
3
constant int:
0
constant int:
0
constant int:
0
constant int:
0
constant int:
3
constant int:
0
constant int:
1
constant int:
0
constant int:
0
constant int:
9
constant int:
0
constant int:
1
constant int:
1
constant int:
1
constant int:
1
constant int:
0
constant int:
3
constant int:
4
constant int:
0
constant int:
0
constant int:
0
constant int:
0
constant int:
4
constant int:
0
constant int:
1
constant int:
0
constant int:
0
constant int:
10
constant int:
0
constant int:
1
constant int:
1
constant int:
1
constant int:
0
constant int:
1
constant int:
0
constant int:
1
constant int:
0
constant int:
3
constant int:
5
constant int:
0
constant int:
3
constant int:
0
constant int:
0
constant int:
1
constant int:
0
constant int:
0
constant int:
0
constant int:
0
constant int:
0
constant int:
1
constant int:
0
constant int:
3
constant int:
1
constant int:
0
constant int:
1
constant int:
0
constant int:
0
constant int:
1
constant int:
0
constant int:
1
constant int:
1
constant int:
0
constant int:
3
constant int:
2
constant int:
0
constant int:
1
constant int:
0
constant int:
0
constant int:
2
constant int:
0
constant int:
2
constant int:
1
constant int:
0
constant int:
3
constant int:
3
constant int:
0
constant int:
1
constant int:
0
constant int:
0
constant int:
3
constant int:
0
constant int:
3
constant int:
1
constant int:
0
constant int:
3
constant int:
4
constant int:
0
constant int:
1
constant int:
0
constant int:
0
constant int:
4
constant int:
0
constant int:
4
constant int:
1
constant int:
0
constant int:
3
constant int:
5
constant int:
0
constant int:
1
constant int:
0
constant int:
0
constant int:
5
constant int:
0
constant int:
5
constant int:
1
constant int:
0
constant int:
3
constant int:
6
  component: Num2Bits | function name = Num2Bits_5_run
constant int:
1
constant int:
1
constant int:
0
constant int:
0
constant int:
9
constant int:
0
constant int:
1
constant int:
0
constant int:
0
constant int:
2
constant int:
1
constant int:
0
constant int:
3
constant int:
0
constant int:
0
constant int:
9
constant int:
0
constant int:
3
constant int:
1
constant int:
0
constant int:
0
constant int:
0
constant int:
0
constant int:
0
constant int:
0
constant int:
1
constant int:
0
constant int:
1
constant int:
0
constant int:
1
constant int:
0
constant int:
0
constant int:
0
constant int:
2
constant int:
0
constant int:
1
constant int:
0
constant int:
2
constant int:
2
constant int:
0
constant int:
3
constant int:
1
constant int:
0
constant int:
9
constant int:
0
constant int:
3
constant int:
1
constant int:
0
constant int:
1
constant int:
0
constant int:
1
constant int:
0
constant int:
1
constant int:
1
constant int:
0
constant int:
1
constant int:
0
constant int:
1
constant int:
0
constant int:
1
constant int:
0
constant int:
2
constant int:
0
constant int:
1
constant int:
0
constant int:
2
constant int:
4
constant int:
0
constant int:
3
constant int:
2
constant int:
0
constant int:
9
constant int:
0
constant int:
3
constant int:
1
constant int:
0
constant int:
2
constant int:
0
constant int:
2
constant int:
0
constant int:
2
constant int:
1
constant int:
0
constant int:
1
constant int:
0
constant int:
1
constant int:
0
constant int:
2
constant int:
0
constant int:
2
constant int:
0
constant int:
1
constant int:
0
constant int:
2
constant int:
8
constant int:
0
constant int:
3
constant int:
3
constant int:
0
constant int:
9
constant int:
0
constant int:
3
constant int:
1
constant int:
0
constant int:
3
constant int:
0
constant int:
3
constant int:
0
constant int:
3
constant int:
1
constant int:
0
constant int:
1
constant int:
0
constant int:
1
constant int:
0
constant int:
3
constant int:
0
constant int:
2
constant int:
0
constant int:
1
constant int:
0
constant int:
2
constant int:
16
constant int:
0
constant int:
3
constant int:
4
constant int:
0
constant int:
9
constant int:
0
constant int:
3
constant int:
1
constant int:
0
constant int:
4
constant int:
0
constant int:
4
constant int:
0
constant int:
4
constant int:
1
constant int:
0
constant int:
1
constant int:
0
constant int:
1
constant int:
0
constant int:
4
constant int:
0
constant int:
2
constant int:
0
constant int:
1
constant int:
0
constant int:
2
constant int:
32
constant int:
0
constant int:
3
constant int:
5
constant int:
0
constant int:
9
constant int:
0
constant int:
3
constant int:
1
constant int:
0
constant int:
5
constant int:
0
constant int:
5
constant int:
0
constant int:
5
constant int:
1
constant int:
0
constant int:
1
constant int:
0
constant int:
1
constant int:
0
constant int:
5
constant int:
0
constant int:
2
constant int:
0
constant int:
1
constant int:
0
constant int:
2
constant int:
64
constant int:
0
constant int:
3
constant int:
6
constant int:
0
constant int:
9
constant int:
0
constant int:
3
constant int:
1
constant int:
0
constant int:
6
constant int:
0
constant int:
6
constant int:
0
constant int:
6
constant int:
1
constant int:
0
constant int:
1
constant int:
0
constant int:
1
constant int:
0
constant int:
6
constant int:
0
constant int:
2
constant int:
0
constant int:
1
constant int:
0
constant int:
2
constant int:
128
constant int:
0
constant int:
3
constant int:
7
constant int:
0
constant int:
9
constant int:
0
constant int:
3
constant int:
1
constant int:
0
constant int:
7
constant int:
0
constant int:
7
constant int:
0
constant int:
7
constant int:
1
constant int:
0
constant int:
1
constant int:
0
constant int:
1
constant int:
0
constant int:
7
constant int:
0
constant int:
2
constant int:
0
constant int:
1
constant int:
0
constant int:
2
constant int:
256
constant int:
0
constant int:
3
constant int:
8
constant int:
0
constant int:
9
constant int:
0
constant int:
3
constant int:
1
constant int:
0
constant int:
8
constant int:
0
constant int:
8
constant int:
0
constant int:
8
constant int:
1
constant int:
0
constant int:
1
constant int:
0
constant int:
1
constant int:
0
constant int:
8
constant int:
0
constant int:
2
constant int:
0
constant int:
1
constant int:
0
constant int:
2
constant int:
512
constant int:
0
constant int:
3
constant int:
9
constant int:
0
constant int:
1
constant int:
0
constant int:
9
constant int:
1
  component: ModSum | function name = ModSum_6_run
constant int:
1
constant int:
1
constant int:
0
constant int:
0
constant int:
8
constant int:
0
constant int:
0
constant int:
-1
constant int:
0
constant int:
2
constant int:
0
constant int:
3
constant int:
0
constant int:
0
constant int:
0
constant int:
0
constant int:
9
constant int:
0
constant int:
0
constant int:
1
constant int:
1
constant int:
0
constant int:
0
constant int:
0
constant int:
1
constant int:
0
constant int:
0
constant int:
0
constant int:
0
constant int:
8
constant int:
0
constant int:
1
constant int:
1
constant int:
0
constant int:
2
constant int:
0
constant int:
3
constant int:
0
constant int:
1
constant int:
256
constant int:
0
constant int:
0
constant int:
1
  component: Num2Bits | function name = Num2Bits_7_run
constant int:
1
constant int:
1
constant int:
0
constant int:
0
constant int:
10
constant int:
0
constant int:
1
constant int:
0
constant int:
0
constant int:
2
constant int:
1
constant int:
0
constant int:
3
constant int:
0
constant int:
0
constant int:
10
constant int:
0
constant int:
3
constant int:
1
constant int:
0
constant int:
0
constant int:
0
constant int:
0
constant int:
0
constant int:
0
constant int:
1
constant int:
0
constant int:
1
constant int:
0
constant int:
1
constant int:
0
constant int:
0
constant int:
0
constant int:
2
constant int:
0
constant int:
1
constant int:
0
constant int:
2
constant int:
2
constant int:
0
constant int:
3
constant int:
1
constant int:
0
constant int:
10
constant int:
0
constant int:
3
constant int:
1
constant int:
0
constant int:
1
constant int:
0
constant int:
1
constant int:
0
constant int:
1
constant int:
1
constant int:
0
constant int:
1
constant int:
0
constant int:
1
constant int:
0
constant int:
1
constant int:
0
constant int:
2
constant int:
0
constant int:
1
constant int:
0
constant int:
2
constant int:
4
constant int:
0
constant int:
3
constant int:
2
constant int:
0
constant int:
10
constant int:
0
constant int:
3
constant int:
1
constant int:
0
constant int:
2
constant int:
0
constant int:
2
constant int:
0
constant int:
2
constant int:
1
constant int:
0
constant int:
1
constant int:
0
constant int:
1
constant int:
0
constant int:
2
constant int:
0
constant int:
2
constant int:
0
constant int:
1
constant int:
0
constant int:
2
constant int:
8
constant int:
0
constant int:
3
constant int:
3
constant int:
0
constant int:
10
constant int:
0
constant int:
3
constant int:
1
constant int:
0
constant int:
3
constant int:
0
constant int:
3
constant int:
0
constant int:
3
constant int:
1
constant int:
0
constant int:
1
constant int:
0
constant int:
1
constant int:
0
constant int:
3
constant int:
0
constant int:
2
constant int:
0
constant int:
1
constant int:
0
constant int:
2
constant int:
16
constant int:
0
constant int:
3
constant int:
4
constant int:
0
constant int:
10
constant int:
0
constant int:
3
constant int:
1
constant int:
0
constant int:
4
constant int:
0
constant int:
4
constant int:
0
constant int:
4
constant int:
1
constant int:
0
constant int:
1
constant int:
0
constant int:
1
constant int:
0
constant int:
4
constant int:
0
constant int:
2
constant int:
0
constant int:
1
constant int:
0
constant int:
2
constant int:
32
constant int:
0
constant int:
3
constant int:
5
constant int:
0
constant int:
10
constant int:
0
constant int:
3
constant int:
1
constant int:
0
constant int:
5
constant int:
0
constant int:
5
constant int:
0
constant int:
5
constant int:
1
constant int:
0
constant int:
1
constant int:
0
constant int:
1
constant int:
0
constant int:
5
constant int:
0
constant int:
2
constant int:
0
constant int:
1
constant int:
0
constant int:
2
constant int:
64
constant int:
0
constant int:
3
constant int:
6
constant int:
0
constant int:
10
constant int:
0
constant int:
3
constant int:
1
constant int:
0
constant int:
6
constant int:
0
constant int:
6
constant int:
0
constant int:
6
constant int:
1
constant int:
0
constant int:
1
constant int:
0
constant int:
1
constant int:
0
constant int:
6
constant int:
0
constant int:
2
constant int:
0
constant int:
1
constant int:
0
constant int:
2
constant int:
128
constant int:
0
constant int:
3
constant int:
7
constant int:
0
constant int:
10
constant int:
0
constant int:
3
constant int:
1
constant int:
0
constant int:
7
constant int:
0
constant int:
7
constant int:
0
constant int:
7
constant int:
1
constant int:
0
constant int:
1
constant int:
0
constant int:
1
constant int:
0
constant int:
7
constant int:
0
constant int:
2
constant int:
0
constant int:
1
constant int:
0
constant int:
2
constant int:
256
constant int:
0
constant int:
3
constant int:
8
constant int:
0
constant int:
10
constant int:
0
constant int:
3
constant int:
1
constant int:
0
constant int:
8
constant int:
0
constant int:
8
constant int:
0
constant int:
8
constant int:
1
constant int:
0
constant int:
1
constant int:
0
constant int:
1
constant int:
0
constant int:
8
constant int:
0
constant int:
2
constant int:
0
constant int:
1
constant int:
0
constant int:
2
constant int:
512
constant int:
0
constant int:
3
constant int:
9
constant int:
0
constant int:
10
constant int:
0
constant int:
3
constant int:
1
constant int:
0
constant int:
9
constant int:
0
constant int:
9
constant int:
0
constant int:
9
constant int:
1
constant int:
0
constant int:
1
constant int:
0
constant int:
1
constant int:
0
constant int:
9
constant int:
0
constant int:
2
constant int:
0
constant int:
1
constant int:
0
constant int:
2
constant int:
1024
constant int:
0
constant int:
3
constant int:
10
constant int:
0
constant int:
1
constant int:
0
constant int:
10
constant int:
1
  component: ModSumThree | function name = ModSumThree_8_run
constant int:
1
constant int:
1
constant int:
0
constant int:
0
constant int:
8
constant int:
0
constant int:
0
constant int:
-1
constant int:
0
constant int:
2
constant int:
0
constant int:
3
constant int:
0
constant int:
4
constant int:
0
constant int:
0
constant int:
0
constant int:
0
constant int:
10
constant int:
0
constant int:
0
constant int:
1
constant int:
1
constant int:
0
constant int:
0
constant int:
0
constant int:
1
constant int:
0
constant int:
0
constant int:
0
constant int:
0
constant int:
8
constant int:
0
constant int:
0
constant int:
0
constant int:
0
constant int:
9
constant int:
2
constant int:
0
constant int:
1
constant int:
1
constant int:
0
constant int:
2
constant int:
0
constant int:
3
constant int:
0
constant int:
4
constant int:
0
constant int:
1
constant int:
256
constant int:
0
constant int:
0
constant int:
1
  component: BigAdd | function name = BigAdd_9_run
constant int:
1
constant int:
1
constant int:
0
constant int:
0
constant int:
6
constant int:
0
constant int:
1
constant int:
8
constant int:
0
constant int:
0
constant int:
0
constant int:
1
constant int:
0
constant int:
2
constant int:
0
constant int:
3
constant int:
0
constant int:
4
constant int:
0
constant int:
5
constant int:
-1
constant int:
0
constant int:
7
constant int:
0
constant int:
0
constant int:
0
constant int:
0
constant int:
2
constant int:
0
constant int:
0
constant int:
1
constant int:
1
constant int:
1
constant int:
0
constant int:
13
constant int:
0
constant int:
0
constant int:
0
constant int:
0
constant int:
3
constant int:
0
constant int:
0
constant int:
1
constant int:
1
constant int:
0
constant int:
0
constant int:
0
constant int:
1
constant int:
0
constant int:
0
constant int:
0
constant int:
0
constant int:
0
constant int:
0
constant int:
0
constant int:
1
constant int:
0
constant int:
2
constant int:
1
constant int:
0
constant int:
8
constant int:
0
constant int:
1
constant int:
0
constant int:
0
constant int:
2
constant int:
0
constant int:
1
constant int:
1
constant int:
1
constant int:
1
constant int:
0
constant int:
14
constant int:
0
constant int:
1
constant int:
0
constant int:
0
constant int:
3
constant int:
0
constant int:
1
constant int:
1
constant int:
1
constant int:
1
constant int:
0
constant int:
0
constant int:
0
constant int:
0
constant int:
1
constant int:
0
constant int:
1
constant int:
0
constant int:
0
constant int:
4
constant int:
0
constant int:
1
constant int:
1
constant int:
1
constant int:
0
constant int:
1
constant int:
0
constant int:
1
constant int:
0
constant int:
1
constant int:
0
constant int:
0
constant int:
0
constant int:
0
constant int:
1
constant int:
1
constant int:
0
constant int:
2
constant int:
2
constant int:
0
constant int:
9
constant int:
0
constant int:
2
constant int:
0
constant int:
0
constant int:
2
constant int:
0
constant int:
2
constant int:
1
constant int:
1
constant int:
1
constant int:
0
constant int:
15
constant int:
0
constant int:
2
constant int:
0
constant int:
0
constant int:
3
constant int:
0
constant int:
2
constant int:
1
constant int:
1
constant int:
1
constant int:
0
constant int:
1
constant int:
0
constant int:
0
constant int:
1
constant int:
0
constant int:
2
constant int:
0
constant int:
0
constant int:
4
constant int:
0
constant int:
2
constant int:
1
constant int:
1
constant int:
0
constant int:
2
constant int:
0
constant int:
1
constant int:
0
constant int:
2
constant int:
0
constant int:
0
constant int:
0
constant int:
0
constant int:
2
constant int:
1
constant int:
0
constant int:
2
constant int:
3
constant int:
0
constant int:
10
constant int:
0
constant int:
3
constant int:
0
constant int:
0
constant int:
2
constant int:
0
constant int:
3
constant int:
1
constant int:
1
constant int:
1
constant int:
0
constant int:
16
constant int:
0
constant int:
3
constant int:
0
constant int:
0
constant int:
3
constant int:
0
constant int:
3
constant int:
1
constant int:
1
constant int:
1
constant int:
0
constant int:
2
constant int:
0
constant int:
0
constant int:
1
constant int:
0
constant int:
3
constant int:
0
constant int:
0
constant int:
4
constant int:
0
constant int:
3
constant int:
1
constant int:
1
constant int:
0
constant int:
3
constant int:
0
constant int:
1
constant int:
0
constant int:
3
constant int:
0
constant int:
0
constant int:
0
constant int:
0
constant int:
3
constant int:
1
constant int:
0
constant int:
2
constant int:
4
constant int:
0
constant int:
11
constant int:
0
constant int:
4
constant int:
0
constant int:
0
constant int:
2
constant int:
0
constant int:
4
constant int:
1
constant int:
1
constant int:
1
constant int:
0
constant int:
17
constant int:
0
constant int:
4
constant int:
0
constant int:
0
constant int:
3
constant int:
0
constant int:
4
constant int:
1
constant int:
1
constant int:
1
constant int:
0
constant int:
3
constant int:
0
constant int:
0
constant int:
1
constant int:
0
constant int:
4
constant int:
0
constant int:
0
constant int:
4
constant int:
0
constant int:
4
constant int:
1
constant int:
1
constant int:
0
constant int:
4
constant int:
0
constant int:
1
constant int:
0
constant int:
4
constant int:
0
constant int:
0
constant int:
0
constant int:
0
constant int:
4
constant int:
1
constant int:
0
constant int:
2
constant int:
5
constant int:
0
constant int:
12
constant int:
0
constant int:
5
constant int:
0
constant int:
0
constant int:
2
constant int:
0
constant int:
5
constant int:
1
constant int:
1
constant int:
1
constant int:
0
constant int:
18
constant int:
0
constant int:
5
constant int:
0
constant int:
0
constant int:
3
constant int:
0
constant int:
5
constant int:
1
constant int:
1
constant int:
1
constant int:
0
constant int:
4
constant int:
0
constant int:
0
constant int:
1
constant int:
0
constant int:
5
constant int:
0
constant int:
0
constant int:
4
constant int:
0
constant int:
5
constant int:
1
constant int:
1
constant int:
0
constant int:
5
constant int:
0
constant int:
1
constant int:
0
constant int:
5
constant int:
0
constant int:
0
constant int:
0
constant int:
0
constant int:
5
constant int:
1
constant int:
0
constant int:
2
constant int:
6
constant int:
0
constant int:
5
constant int:
0
constant int:
0
constant int:
1
constant int:
0
constant int:
6
constant int:
1
  component: LessThan | function name = LessThan_10_run
constant int:
1
constant int:
1
constant int:
0
constant int:
0
constant int:
8
constant int:
0
constant int:
0
constant int:
-1
constant int:
0
constant int:
1
constant int:
256
constant int:
0
constant int:
2
constant int:
0
constant int:
0
constant int:
0
constant int:
0
constant int:
9
constant int:
0
constant int:
0
constant int:
1
constant int:
1
constant int:
0
constant int:
0
constant int:
0
constant int:
1
constant int:
0
constant int:
0
constant int:
0
constant int:
0
constant int:
8
constant int:
1
constant int:
0
constant int:
0
constant int:
1
  component: IsZero | function name = IsZero_11_run
constant int:
1
constant int:
1
constant int:
0
constant int:
1
constant int:
0
constant int:
0
constant int:
1
constant int:
1
constant int:
0
constant int:
2
constant int:
0
constant int:
2
constant int:
0
constant int:
0
constant int:
1
constant int:
0
constant int:
2
constant int:
1
constant int:
0
constant int:
0
constant int:
1
constant int:
0
constant int:
1
constant int:
0
constant int:
0
constant int:
0
constant int:
1
  component: IsEqual | function name = IsEqual_12_run
constant int:
1
constant int:
1
constant int:
0
constant int:
0
constant int:
0
constant int:
2
constant int:
0
constant int:
1
constant int:
0
constant int:
0
constant int:
0
constant int:
0
constant int:
1
constant int:
0
constant int:
0
constant int:
1
constant int:
1
constant int:
0
constant int:
0
constant int:
0
constant int:
1
constant int:
0
constant int:
0
constant int:
0
constant int:
0
constant int:
0
constant int:
0
constant int:
0
constant int:
1
  component: AND | function name = AND_13_run
constant int:
1
constant int:
1
constant int:
0
constant int:
1
constant int:
0
constant int:
2
constant int:
0
constant int:
0
constant int:
1
  component: OR | function name = OR_14_run
constant int:
1
constant int:
1
constant int:
0
constant int:
1
constant int:
0
constant int:
2
constant int:
0
constant int:
1
constant int:
0
constant int:
2
constant int:
0
constant int:
0
constant int:
1
  component: BigLessThan | function name = BigLessThan_15_run
constant int:
1
constant int:
1
constant int:
0
constant int:
0
constant int:
2
constant int:
0
constant int:
1
constant int:
8
constant int:
0
constant int:
0
constant int:
0
constant int:
1
constant int:
0
constant int:
2
constant int:
0
constant int:
3
constant int:
0
constant int:
4
constant int:
0
constant int:
5
constant int:
0
constant int:
6
constant int:
0
constant int:
2
constant int:
0
constant int:
0
constant int:
1
constant int:
0
constant int:
0
constant int:
0
constant int:
0
constant int:
1
constant int:
0
constant int:
0
constant int:
1
constant int:
1
constant int:
1
constant int:
0
constant int:
3
constant int:
0
constant int:
0
constant int:
0
constant int:
0
constant int:
2
constant int:
0
constant int:
0
constant int:
1
constant int:
1
constant int:
0
constant int:
0
constant int:
0
constant int:
1
constant int:
0
constant int:
1
constant int:
0
constant int:
2
constant int:
0
constant int:
0
constant int:
1
constant int:
0
constant int:
2
constant int:
1
constant int:
1
constant int:
1
constant int:
0
constant int:
3
constant int:
0
constant int:
2
constant int:
0
constant int:
0
constant int:
2
constant int:
0
constant int:
2
constant int:
1
constant int:
1
constant int:
0
constant int:
2
constant int:
0
constant int:
1
constant int:
0
constant int:
2
constant int:
1
constant int:
0
constant int:
2
constant int:
0
constant int:
1
constant int:
0
constant int:
0
constant int:
1
constant int:
0
constant int:
1
constant int:
1
constant int:
1
constant int:
1
constant int:
0
constant int:
4
constant int:
0
constant int:
1
constant int:
0
constant int:
0
constant int:
2
constant int:
0
constant int:
1
constant int:
1
constant int:
1
constant int:
0
constant int:
1
constant int:
0
constant int:
1
constant int:
0
constant int:
2
constant int:
0
constant int:
3
constant int:
0
constant int:
0
constant int:
1
constant int:
0
constant int:
3
constant int:
1
constant int:
1
constant int:
1
constant int:
0
constant int:
4
constant int:
0
constant int:
3
constant int:
0
constant int:
0
constant int:
2
constant int:
0
constant int:
3
constant int:
1
constant int:
1
constant int:
0
constant int:
3
constant int:
0
constant int:
1
constant int:
0
constant int:
2
constant int:
2
constant int:
0
constant int:
2
constant int:
0
constant int:
0
constant int:
3
constant int:
0
constant int:
0
constant int:
0
constant int:
0
constant int:
5
constant int:
0
constant int:
0
constant int:
1
constant int:
0
constant int:
5
constant int:
1
constant int:
1
constant int:
1
constant int:
0
constant int:
0
constant int:
0
constant int:
0
constant int:
0
constant int:
0
constant int:
5
constant int:
0
constant int:
0
constant int:
2
constant int:
0
constant int:
5
constant int:
1
constant int:
1
constant int:
0
constant int:
5
constant int:
0
constant int:
1
constant int:
0
constant int:
3
constant int:
0
constant int:
0
constant int:
0
constant int:
0
constant int:
6
constant int:
0
constant int:
0
constant int:
1
constant int:
0
constant int:
6
constant int:
1
constant int:
1
constant int:
1
constant int:
0
constant int:
2
constant int:
0
constant int:
0
constant int:
0
constant int:
0
constant int:
6
constant int:
0
constant int:
0
constant int:
2
constant int:
0
constant int:
6
constant int:
1
constant int:
1
constant int:
0
constant int:
6
constant int:
0
constant int:
1
constant int:
0
constant int:
1
constant int:
0
constant int:
0
constant int:
0
constant int:
0
constant int:
4
constant int:
0
constant int:
0
constant int:
1
constant int:
0
constant int:
4
constant int:
1
constant int:
1
constant int:
1
constant int:
0
constant int:
5
constant int:
0
constant int:
0
constant int:
0
constant int:
0
constant int:
4
constant int:
0
constant int:
0
constant int:
2
constant int:
0
constant int:
4
constant int:
1
constant int:
1
constant int:
0
constant int:
4
constant int:
0
constant int:
1
constant int:
0
constant int:
2
constant int:
4891460686036598784
constant int:
0
constant int:
4
constant int:
0
constant int:
0
constant int:
0
constant int:
0
constant int:
0
constant int:
1
  component: BigModOld | function name = BigModOld_16_run
constant int:
1
constant int:
1
constant int:
0
constant int:
0
constant int:
2
constant int:
0
constant int:
1
constant int:
8
constant int:
0
constant int:
0
constant int:
0
constant int:
1
constant int:
0
constant int:
2
constant int:
0
constant int:
3
constant int:
0
constant int:
4
constant int:
0
constant int:
5
constant int:
-1
constant int:
1
constant int:
0
constant int:
0
constant int:
8
constant int:
0
constant int:
1
constant int:
2
constant int:
0
constant int:
5
constant int:
0
constant int:
2
constant int:
0
constant int:
9
constant int:
0
constant int:
3
constant int:
4
constant int:
0
constant int:
2
constant int:
100
constant int:
0
constant int:
102
constant int:
0
constant int:
0
constant int:
2
constant int:
0
constant int:
0
constant int:
0
constant int:
52
constant int:
0
constant int:
3
constant int:
0
constant int:
102
constant int:
1
constant int:
0
constant int:
3
constant int:
0
constant int:
1
constant int:
0
constant int:
53
constant int:
0
constant int:
4
constant int:
0
constant int:
102
constant int:
2
constant int:
0
constant int:
4
constant int:
0
constant int:
2
constant int:
0
constant int:
102
constant int:
0
constant int:
0
constant int:
0
constant int:
0
constant int:
0
constant int:
0
constant int:
0
constant int:
8
constant int:
0
constant int:
0
constant int:
1
constant int:
1
constant int:
0
constant int:
0
constant int:
0
constant int:
1
constant int:
0
constant int:
102
constant int:
1
constant int:
0
constant int:
1
constant int:
0
constant int:
1
constant int:
0
constant int:
0
constant int:
8
constant int:
0
constant int:
1
constant int:
1
constant int:
1
constant int:
0
constant int:
1
constant int:
0
constant int:
1
constant int:
0
constant int:
102
constant int:
2
constant int:
0
constant int:
2
constant int:
0
constant int:
2
constant int:
0
constant int:
0
constant int:
8
constant int:
0
constant int:
2
constant int:
1
constant int:
1
constant int:
0
constant int:
2
constant int:
0
constant int:
1
constant int:
0
constant int:
102
constant int:
3
constant int:
0
constant int:
102
constant int:
0
constant int:
0
constant int:
0
constant int:
0
constant int:
3
constant int:
0
constant int:
0
constant int:
6
constant int:
0
constant int:
3
constant int:
1
constant int:
1
constant int:
1
constant int:
0
constant int:
9
constant int:
0
constant int:
3
constant int:
0
constant int:
0
constant int:
9
constant int:
0
constant int:
3
constant int:
1
constant int:
1
constant int:
1
constant int:
0
constant int:
102
constant int:
1
constant int:
0
constant int:
1
constant int:
0
constant int:
3
constant int:
0
constant int:
0
constant int:
7
constant int:
0
constant int:
3
constant int:
1
constant int:
1
constant int:
1
constant int:
0
constant int:
10
constant int:
0
constant int:
3
constant int:
0
constant int:
0
constant int:
10
constant int:
0
constant int:
3
constant int:
1
constant int:
1
constant int:
1
constant int:
0
constant int:
102
constant int:
2
constant int:
0
constant int:
2
constant int:
0
constant int:
3
constant int:
0
constant int:
0
constant int:
8
constant int:
0
constant int:
3
constant int:
1
constant int:
1
constant int:
1
constant int:
0
constant int:
3
constant int:
0
constant int:
0
constant int:
11
constant int:
0
constant int:
0
constant int:
3
constant int:
1
constant int:
1
constant int:
0
constant int:
3
constant int:
0
constant int:
1
constant int:
0
constant int:
0
constant int:
102
constant int:
0
constant int:
0
constant int:
102
constant int:
1
constant int:
0
constant int:
102
constant int:
2
constant int:
0
constant int:
102
constant int:
3
constant int:
0
constant int:
102
constant int:
4
constant int:
0
constant int:
102
constant int:
5
constant int:
0
constant int:
102
constant int:
6
constant int:
0
constant int:
102
constant int:
0
constant int:
0
constant int:
3
constant int:
0
constant int:
0
constant int:
0
constant int:
0
constant int:
4
constant int:
0
constant int:
0
constant int:
7
constant int:
0
constant int:
4
constant int:
1
constant int:
1
constant int:
1
constant int:
0
constant int:
3
constant int:
0
constant int:
4
constant int:
0
constant int:
0
constant int:
13
constant int:
0
constant int:
4
constant int:
1
constant int:
1
constant int:
1
constant int:
0
constant int:
102
constant int:
1
constant int:
0
constant int:
3
constant int:
0
constant int:
0
constant int:
1
constant int:
0
constant int:
4
constant int:
0
constant int:
0
constant int:
8
constant int:
0
constant int:
4
constant int:
1
constant int:
1
constant int:
1
constant int:
0
constant int:
4
constant int:
0
constant int:
4
constant int:
0
constant int:
0
constant int:
14
constant int:
0
constant int:
4
constant int:
1
constant int:
1
constant int:
1
constant int:
0
constant int:
102
constant int:
2
constant int:
0
constant int:
3
constant int:
0
constant int:
0
constant int:
2
constant int:
0
constant int:
4
constant int:
0
constant int:
0
constant int:
9
constant int:
0
constant int:
4
constant int:
1
constant int:
1
constant int:
1
constant int:
0
constant int:
4
constant int:
0
constant int:
0
constant int:
15
constant int:
0
constant int:
0
constant int:
4
constant int:
1
constant int:
1
constant int:
1
constant int:
0
constant int:
0
constant int:
102
constant int:
3
constant int:
0
constant int:
3
constant int:
0
constant int:
0
constant int:
3
constant int:
0
constant int:
4
constant int:
0
constant int:
0
constant int:
10
constant int:
0
constant int:
4
constant int:
1
constant int:
1
constant int:
1
constant int:
0
constant int:
4
constant int:
0
constant int:
0
constant int:
16
constant int:
0
constant int:
0
constant int:
4
constant int:
1
constant int:
1
constant int:
1
constant int:
0
constant int:
0
constant int:
102
constant int:
4
constant int:
0
constant int:
3
constant int:
0
constant int:
0
constant int:
4
constant int:
0
constant int:
4
constant int:
0
constant int:
0
constant int:
11
constant int:
0
constant int:
4
constant int:
1
constant int:
1
constant int:
1
constant int:
0
constant int:
3
constant int:
0
constant int:
0
constant int:
5
constant int:
0
constant int:
4
constant int:
0
constant int:
0
constant int:
12
constant int:
0
constant int:
4
constant int:
1
constant int:
1
constant int:
1
constant int:
0
constant int:
4
constant int:
0
constant int:
0
constant int:
17
constant int:
0
constant int:
0
constant int:
4
constant int:
1
constant int:
1
constant int:
1
constant int:
0
constant int:
0
constant int:
4
constant int:
0
constant int:
0
constant int:
18
constant int:
0
constant int:
0
constant int:
4
constant int:
1
constant int:
1
constant int:
0
constant int:
4
constant int:
0
constant int:
1
constant int:
0
constant int:
0
constant int:
102
constant int:
0
constant int:
0
constant int:
102
constant int:
1
constant int:
0
constant int:
102
constant int:
2
constant int:
0
constant int:
102
constant int:
3
constant int:
0
constant int:
102
constant int:
4
constant int:
0
constant int:
102
constant int:
5
constant int:
0
constant int:
102
constant int:
6
constant int:
0
constant int:
102
constant int:
0
constant int:
0
constant int:
4
constant int:
0
constant int:
0
constant int:
0
constant int:
0
constant int:
5
constant int:
1
constant int:
0
constant int:
102
constant int:
1
constant int:
0
constant int:
4
constant int:
0
constant int:
0
constant int:
1
constant int:
0
constant int:
6
constant int:
1
constant int:
0
constant int:
102
constant int:
2
constant int:
0
constant int:
4
constant int:
0
constant int:
0
constant int:
2
constant int:
0
constant int:
7
constant int:
1
constant int:
0
constant int:
102
constant int:
3
constant int:
0
constant int:
4
constant int:
0
constant int:
0
constant int:
3
constant int:
0
constant int:
8
constant int:
1
constant int:
0
constant int:
102
constant int:
4
constant int:
0
constant int:
4
constant int:
0
constant int:
0
constant int:
4
constant int:
0
constant int:
1
constant int:
0
constant int:
4
constant int:
0
constant int:
0
constant int:
5
constant int:
0
constant int:
1
constant int:
0
constant int:
102
constant int:
0
constant int:
0
constant int:
3
constant int:
0
constant int:
5
constant int:
0
constant int:
0
constant int:
1
constant int:
0
constant int:
5
constant int:
1
constant int:
1
constant int:
1
constant int:
0
constant int:
9
constant int:
0
constant int:
5
constant int:
0
constant int:
0
constant int:
3
constant int:
0
constant int:
5
constant int:
1
constant int:
1
constant int:
1
constant int:
0
constant int:
102
constant int:
1
constant int:
0
constant int:
4
constant int:
0
constant int:
5
constant int:
0
constant int:
0
constant int:
2
constant int:
0
constant int:
5
constant int:
1
constant int:
1
constant int:
1
constant int:
0
constant int:
10
constant int:
0
constant int:
5
constant int:
0
constant int:
0
constant int:
4
constant int:
0
constant int:
5
constant int:
1
constant int:
1
constant int:
0
constant int:
5
constant int:
0
constant int:
1
constant int:
0
constant int:
102
constant int:
2
constant int:
0
constant int:
5
constant int:
0
constant int:
0
constant int:
0
constant int:
1
constant int:
1
Starting analysis...
  Component [1 / 17]: Num2Bits
  Checking unconstrained signals by input in Num2Bits
  Checking unconstrained signals by constant in Num2Bits
  Aggregating all results for Num2Bits
  Component [2 / 17]: BigMultShortLong
  Checking unconstrained signals by input in BigMultShortLong
  Checking unconstrained signals by constant in BigMultShortLong
  Aggregating all results for BigMultShortLong
  Component [3 / 17]: Num2Bits
  Checking unconstrained signals by input in Num2Bits
  Checking unconstrained signals by constant in Num2Bits
  Aggregating all results for Num2Bits
  Component [4 / 17]: LongToShortNoEndCarry
  Checking unconstrained signals by input in LongToShortNoEndCarry
  Checking unconstrained signals by constant in LongToShortNoEndCarry
  Aggregating all results for LongToShortNoEndCarry
  Component [5 / 17]: BigMult
  Checking unconstrained signals by input in BigMult
  Checking unconstrained signals by constant in BigMult
  Aggregating all results for BigMult
  Component [6 / 17]: Num2Bits
  Checking unconstrained signals by input in Num2Bits
  Checking unconstrained signals by constant in Num2Bits
  Aggregating all results for Num2Bits
  Component [7 / 17]: ModSum
  Checking unconstrained signals by input in ModSum
  Checking unconstrained signals by constant in ModSum
  Aggregating all results for ModSum
  Component [8 / 17]: Num2Bits
  Checking unconstrained signals by input in Num2Bits
  Checking unconstrained signals by constant in Num2Bits
  Aggregating all results for Num2Bits
  Component [9 / 17]: ModSumThree
  Checking unconstrained signals by input in ModSumThree
  Checking unconstrained signals by constant in ModSumThree
  Aggregating all results for ModSumThree
  Component [10 / 17]: BigAdd
  Checking unconstrained signals by input in BigAdd
  Checking unconstrained signals by constant in BigAdd
  Aggregating all results for BigAdd
  Component [11 / 17]: LessThan
  Checking unconstrained signals by input in LessThan
  Checking unconstrained signals by constant in LessThan
  Aggregating all results for LessThan
  Component [12 / 17]: IsZero
  Checking unconstrained signals by input in IsZero
  Checking unconstrained signals by constant in IsZero
  Aggregating all results for IsZero
  Component [13 / 17]: IsEqual
  Checking unconstrained signals by input in IsEqual
  Checking unconstrained signals by constant in IsEqual
  Aggregating all results for IsEqual
  Component [14 / 17]: AND
  Checking unconstrained signals by input in AND
  Checking unconstrained signals by constant in AND
  Aggregating all results for AND
  Component [15 / 17]: OR
  Checking unconstrained signals by input in OR
  Checking unconstrained signals by constant in OR
  Aggregating all results for OR
  Component [16 / 17]: BigLessThan
  Checking unconstrained signals by input in BigLessThan
  Checking unconstrained signals by constant in BigLessThan
  Aggregating all results for BigLessThan
  Component [17 / 17]: BigModOld
  Checking unconstrained signals by input in BigModOld
  Checking unconstrained signals by constant in BigModOld
  Aggregating all results for BigModOld
Writing SARIF report to /Users/foldr/code/veridise/circom-benchmarks/configs/Vanguard/tmp/sarif.json
